Archive member included to satisfy reference by file (symbol)

d:/app/stm32cubeide_1.10.1/stm32cubeide/plugins/com.st.stm32cube.ide.mcu.externaltools.gnu-tools-for-stm32.10.3-2021.10.win32_1.0.0.202111181127/tools/bin/../lib/gcc/arm-none-eabi/10.3.1/../../../../arm-none-eabi/lib/thumb/v7-m/nofp\libc_nano.a(lib_a-assert.o)
                              ./Core/Src/huansic_motorlib.o (__assert_func)
d:/app/stm32cubeide_1.10.1/stm32cubeide/plugins/com.st.stm32cube.ide.mcu.externaltools.gnu-tools-for-stm32.10.3-2021.10.win32_1.0.0.202111181127/tools/bin/../lib/gcc/arm-none-eabi/10.3.1/../../../../arm-none-eabi/lib/thumb/v7-m/nofp\libc_nano.a(lib_a-errno.o)
                              ./Core/Src/syscalls.o (__errno)
d:/app/stm32cubeide_1.10.1/stm32cubeide/plugins/com.st.stm32cube.ide.mcu.externaltools.gnu-tools-for-stm32.10.3-2021.10.win32_1.0.0.202111181127/tools/bin/../lib/gcc/arm-none-eabi/10.3.1/../../../../arm-none-eabi/lib/thumb/v7-m/nofp\libc_nano.a(lib_a-exit.o)
                              d:/app/stm32cubeide_1.10.1/stm32cubeide/plugins/com.st.stm32cube.ide.mcu.externaltools.gnu-tools-for-stm32.10.3-2021.10.win32_1.0.0.202111181127/tools/bin/../lib/gcc/arm-none-eabi/10.3.1/../../../../arm-none-eabi/lib/thumb/v7-m/nofp/crt0.o (exit)
d:/app/stm32cubeide_1.10.1/stm32cubeide/plugins/com.st.stm32cube.ide.mcu.externaltools.gnu-tools-for-stm32.10.3-2021.10.win32_1.0.0.202111181127/tools/bin/../lib/gcc/arm-none-eabi/10.3.1/../../../../arm-none-eabi/lib/thumb/v7-m/nofp\libc_nano.a(lib_a-fprintf.o)
                              d:/app/stm32cubeide_1.10.1/stm32cubeide/plugins/com.st.stm32cube.ide.mcu.externaltools.gnu-tools-for-stm32.10.3-2021.10.win32_1.0.0.202111181127/tools/bin/../lib/gcc/arm-none-eabi/10.3.1/../../../../arm-none-eabi/lib/thumb/v7-m/nofp\libc_nano.a(lib_a-assert.o) (fiprintf)
d:/app/stm32cubeide_1.10.1/stm32cubeide/plugins/com.st.stm32cube.ide.mcu.externaltools.gnu-tools-for-stm32.10.3-2021.10.win32_1.0.0.202111181127/tools/bin/../lib/gcc/arm-none-eabi/10.3.1/../../../../arm-none-eabi/lib/thumb/v7-m/nofp\libc_nano.a(lib_a-impure.o)
                              d:/app/stm32cubeide_1.10.1/stm32cubeide/plugins/com.st.stm32cube.ide.mcu.externaltools.gnu-tools-for-stm32.10.3-2021.10.win32_1.0.0.202111181127/tools/bin/../lib/gcc/arm-none-eabi/10.3.1/../../../../arm-none-eabi/lib/thumb/v7-m/nofp\libc_nano.a(lib_a-exit.o) (_global_impure_ptr)
d:/app/stm32cubeide_1.10.1/stm32cubeide/plugins/com.st.stm32cube.ide.mcu.externaltools.gnu-tools-for-stm32.10.3-2021.10.win32_1.0.0.202111181127/tools/bin/../lib/gcc/arm-none-eabi/10.3.1/../../../../arm-none-eabi/lib/thumb/v7-m/nofp\libc_nano.a(lib_a-init.o)
                              d:/app/stm32cubeide_1.10.1/stm32cubeide/plugins/com.st.stm32cube.ide.mcu.externaltools.gnu-tools-for-stm32.10.3-2021.10.win32_1.0.0.202111181127/tools/bin/../lib/gcc/arm-none-eabi/10.3.1/../../../../arm-none-eabi/lib/thumb/v7-m/nofp/crt0.o (__libc_init_array)
d:/app/stm32cubeide_1.10.1/stm32cubeide/plugins/com.st.stm32cube.ide.mcu.externaltools.gnu-tools-for-stm32.10.3-2021.10.win32_1.0.0.202111181127/tools/bin/../lib/gcc/arm-none-eabi/10.3.1/../../../../arm-none-eabi/lib/thumb/v7-m/nofp\libc_nano.a(lib_a-memcpy-stub.o)
                              ./Core/Src/MatFun.o (memcpy)
d:/app/stm32cubeide_1.10.1/stm32cubeide/plugins/com.st.stm32cube.ide.mcu.externaltools.gnu-tools-for-stm32.10.3-2021.10.win32_1.0.0.202111181127/tools/bin/../lib/gcc/arm-none-eabi/10.3.1/../../../../arm-none-eabi/lib/thumb/v7-m/nofp\libc_nano.a(lib_a-memset.o)
                              d:/app/stm32cubeide_1.10.1/stm32cubeide/plugins/com.st.stm32cube.ide.mcu.externaltools.gnu-tools-for-stm32.10.3-2021.10.win32_1.0.0.202111181127/tools/bin/../lib/gcc/arm-none-eabi/10.3.1/../../../../arm-none-eabi/lib/thumb/v7-m/nofp/crt0.o (memset)
d:/app/stm32cubeide_1.10.1/stm32cubeide/plugins/com.st.stm32cube.ide.mcu.externaltools.gnu-tools-for-stm32.10.3-2021.10.win32_1.0.0.202111181127/tools/bin/../lib/gcc/arm-none-eabi/10.3.1/../../../../arm-none-eabi/lib/thumb/v7-m/nofp\libc_nano.a(lib_a-nano-vfprintf.o)
                              d:/app/stm32cubeide_1.10.1/stm32cubeide/plugins/com.st.stm32cube.ide.mcu.externaltools.gnu-tools-for-stm32.10.3-2021.10.win32_1.0.0.202111181127/tools/bin/../lib/gcc/arm-none-eabi/10.3.1/../../../../arm-none-eabi/lib/thumb/v7-m/nofp\libc_nano.a(lib_a-fprintf.o) (_vfprintf_r)
d:/app/stm32cubeide_1.10.1/stm32cubeide/plugins/com.st.stm32cube.ide.mcu.externaltools.gnu-tools-for-stm32.10.3-2021.10.win32_1.0.0.202111181127/tools/bin/../lib/gcc/arm-none-eabi/10.3.1/../../../../arm-none-eabi/lib/thumb/v7-m/nofp\libc_nano.a(lib_a-nano-vfprintf_i.o)
                              d:/app/stm32cubeide_1.10.1/stm32cubeide/plugins/com.st.stm32cube.ide.mcu.externaltools.gnu-tools-for-stm32.10.3-2021.10.win32_1.0.0.202111181127/tools/bin/../lib/gcc/arm-none-eabi/10.3.1/../../../../arm-none-eabi/lib/thumb/v7-m/nofp\libc_nano.a(lib_a-nano-vfprintf.o) (_printf_i)
[...]
Memory Configuration

Name             Origin             Length             Attributes
RAM              0x0000000020000000 0x000000000000c000 xrw
FLASH            0x0000000008000000 0x0000000000040000 xr
*default*        0x0000000000000000 0xffffffffffffffff

Linker script and memory map

LOAD d:/app/stm32cubeide_1.10.1/stm32cubeide/plugins/com.st.stm32cube.ide.mcu.externaltools.gnu-tools-for-stm32.10.3-2021.10.win32_1.0.0.202111181127/tools/bin/../lib/gcc/arm-none-eabi/10.3.1/thumb/v7-m/nofp/crti.o
LOAD d:/app/stm32cubeide_1.10.1/stm32cubeide/plugins/com.st.stm32cube.ide.mcu.externaltools.gnu-tools-for-stm32.10.3-2021.10.win32_1.0.0.202111181127/tools/bin/../lib/gcc/arm-none-eabi/10.3.1/thumb/v7-m/nofp/crtbegin.o
LOAD d:/app/stm32cubeide_1.10.1/stm32cubeide/plugins/com.st.stm32cube.ide.mcu.externaltools.gnu-tools-for-stm32.10.3-2021.10.win32_1.0.0.202111181127/tools/bin/../lib/gcc/arm-none-eabi/10.3.1/../../../../arm-none-eabi/lib/thumb/v7-m/nofp/crt0.o
LOAD ./Core/Src/MatFun.o
LOAD ./Core/Src/collab_util.o
LOAD ./Core/Src/huansic_jy62lib.o
LOAD ./Core/Src/huansic_malloc.o
LOAD ./Core/Src/huansic_motorlib.o
LOAD ./Core/Src/huansic_xblib.o
LOAD ./Core/Src/main.o
LOAD ./Core/Src/ming_malloc.o
LOAD ./Core/Src/positionpid.o
LOAD ./Core/Src/ssd1306.o
LOAD ./Core/Src/ssd1306_fonts.o
LOAD ./Core/Src/stm32f1xx_hal_msp.o
LOAD ./Core/Src/stm32f1xx_it.o
LOAD ./Core/Src/syscalls.o
LOAD ./Core/Src/sysmem.o
LOAD ./Core/Src/system_stm32f1xx.o
LOAD ./Core/Src/task.o
LOAD ./Core/Startup/startup_stm32f103rctx.o
LOAD ./Drivers/STM32F1xx_HAL_Driver/Src/stm32f1xx_hal.o
LOAD ./Drivers/STM32F1xx_HAL_Driver/Src/stm32f1xx_hal_cortex.o
LOAD ./Drivers/STM32F1xx_HAL_Driver/Src/stm32f1xx_hal_dma.o
LOAD ./Drivers/STM32F1xx_HAL_Driver/Src/stm32f1xx_hal_exti.o
LOAD ./Drivers/STM32F1xx_HAL_Driver/Src/stm32f1xx_hal_flash.o
LOAD ./Drivers/STM32F1xx_HAL_Driver/Src/stm32f1xx_hal_flash_ex.o
LOAD ./Drivers/STM32F1xx_HAL_Driver/Src/stm32f1xx_hal_gpio.o
LOAD ./Drivers/STM32F1xx_HAL_Driver/Src/stm32f1xx_hal_gpio_ex.o
LOAD ./Drivers/STM32F1xx_HAL_Driver/Src/stm32f1xx_hal_i2c.o
LOAD ./Drivers/STM32F1xx_HAL_Driver/Src/stm32f1xx_hal_pwr.o
LOAD ./Drivers/STM32F1xx_HAL_Driver/Src/stm32f1xx_hal_rcc.o
LOAD ./Drivers/STM32F1xx_HAL_Driver/Src/stm32f1xx_hal_rcc_ex.o
LOAD ./Drivers/STM32F1xx_HAL_Driver/Src/stm32f1xx_hal_tim.o
LOAD ./Drivers/STM32F1xx_HAL_Driver/Src/stm32f1xx_hal_tim_ex.o
LOAD ./Drivers/STM32F1xx_HAL_Driver/Src/stm32f1xx_hal_uart.o
START GROUP
LOAD d:/app/stm32cubeide_1.10.1/stm32cubeide/plugins/com.st.stm32cube.ide.mcu.externaltools.gnu-tools-for-stm32.10.3-2021.10.win32_1.0.0.202111181127/tools/bin/../lib/gcc/arm-none-eabi/10.3.1/../../../../arm-none-eabi/lib/thumb/v7-m/nofp\libc_nano.a
LOAD d:/app/stm32cubeide_1.10.1/stm32cubeide/plugins/com.st.stm32cube.ide.mcu.externaltools.gnu-tools-for-stm32.10.3-2021.10.win32_1.0.0.202111181127/tools/bin/../lib/gcc/arm-none-eabi/10.3.1/../../../../arm-none-eabi/lib/thumb/v7-m/nofp\libm.a
END GROUP
START GROUP
LOAD d:/app/stm32cubeide_1.10.1/stm32cubeide/plugins/com.st.stm32cube.ide.mcu.externaltools.gnu-tools-for-stm32.10.3-2021.10.win32_1.0.0.202111181127/tools/bin/../lib/gcc/arm-none-eabi/10.3.1/thumb/v7-m/nofp\libgcc.a
LOAD d:/app/stm32cubeide_1.10.1/stm32cubeide/plugins/com.st.stm32cube.ide.mcu.externaltools.gnu-tools-for-stm32.10.3-2021.10.win32_1.0.0.202111181127/tools/bin/../lib/gcc/arm-none-eabi/10.3.1/../../../../arm-none-eabi/lib/thumb/v7-m/nofp\libc_nano.a
END GROUP
START GROUP
LOAD d:/app/stm32cubeide_1.10.1/stm32cubeide/plugins/com.st.stm32cube.ide.mcu.externaltools.gnu-tools-for-stm32.10.3-2021.10.win32_1.0.0.202111181127/tools/bin/../lib/gcc/arm-none-eabi/10.3.1/thumb/v7-m/nofp\libgcc.a
LOAD d:/app/stm32cubeide_1.10.1/stm32cubeide/plugins/com.st.stm32cube.ide.mcu.externaltools.gnu-tools-for-stm32.10.3-2021.10.win32_1.0.0.202111181127/tools/bin/../lib/gcc/arm-none-eabi/10.3.1/../../../../arm-none-eabi/lib/thumb/v7-m/nofp\libc_nano.a
LOAD d:/app/stm32cubeide_1.10.1/stm32cubeide/plugins/com.st.stm32cube.ide.mcu.externaltools.gnu-tools-for-stm32.10.3-2021.10.win32_1.0.0.202111181127/tools/bin/../lib/gcc/arm-none-eabi/10.3.1/../../../../arm-none-eabi/lib/thumb/v7-m/nofp\libnosys.a
END GROUP
START GROUP
LOAD d:/app/stm32cubeide_1.10.1/stm32cubeide/plugins/com.st.stm32cube.ide.mcu.externaltools.gnu-tools-for-stm32.10.3-2021.10.win32_1.0.0.202111181127/tools/bin/../lib/gcc/arm-none-eabi/10.3.1/thumb/v7-m/nofp\libgcc.a
LOAD d:/app/stm32cubeide_1.10.1/stm32cubeide/plugins/com.st.stm32cube.ide.mcu.externaltools.gnu-tools-for-stm32.10.3-2021.10.win32_1.0.0.202111181127/tools/bin/../lib/gcc/arm-none-eabi/10.3.1/../../../../arm-none-eabi/lib/thumb/v7-m/nofp\libc_nano.a
LOAD d:/app/stm32cubeide_1.10.1/stm32cubeide/plugins/com.st.stm32cube.ide.mcu.externaltools.gnu-tools-for-stm32.10.3-2021.10.win32_1.0.0.202111181127/tools/bin/../lib/gcc/arm-none-eabi/10.3.1/../../../../arm-none-eabi/lib/thumb/v7-m/nofp\libnosys.a
END GROUP
LOAD d:/app/stm32cubeide_1.10.1/stm32cubeide/plugins/com.st.stm32cube.ide.mcu.externaltools.gnu-tools-for-stm32.10.3-2021.10.win32_1.0.0.202111181127/tools/bin/../lib/gcc/arm-none-eabi/10.3.1/thumb/v7-m/nofp/crtend.o
LOAD d:/app/stm32cubeide_1.10.1/stm32cubeide/plugins/com.st.stm32cube.ide.mcu.externaltools.gnu-tools-for-stm32.10.3-2021.10.win32_1.0.0.202111181127/tools/bin/../lib/gcc/arm-none-eabi/10.3.1/thumb/v7-m/nofp/crtn.o
                0x000000002000c000                _estack = (ORIGIN (RAM) + LENGTH (RAM))
                0x0000000000000200                _Min_Heap_Size = 0x200
                0x0000000000000400                _Min_Stack_Size = 0x400

.isr_vector     0x0000000008000000      0x1e4
                0x0000000008000000                . = ALIGN (0x4)
 *(.isr_vector)
 .isr_vector    0x0000000008000000      0x1e4 ./Core/Startup/startup_stm32f103rctx.o
                0x0000000008000000                g_pfnVectors
                0x00000000080001e4                . = ALIGN (0x4)

.text           0x00000000080001e8     0xceb4
                0x00000000080001e8                . = ALIGN (0x4)
 *(.text)
 .text          0x00000000080001e8       0x40 d:/app/stm32cubeide_1.10.1/stm32cubeide/plugins/com.st.stm32cube.ide.mcu.externaltools.gnu-tools-for-stm32.10.3-2021.10.win32_1.0.0.202111181127/tools/bin/../lib/gcc/arm-none-eabi/10.3.1/thumb/v7-m/nofp/crtbegin.o
 .text          0x0000000008000228      0x378 d:/app/stm32cubeide_1.10.1/stm32cubeide/plugins/com.st.stm32cube.ide.mcu.externaltools.gnu-tools-for-stm32.10.3-2021.10.win32_1.0.0.202111181127/tools/bin/../lib/gcc/arm-none-eabi/10.3.1/thumb/v7-m/nofp\libgcc.a(_arm_addsubdf3.o)
                0x0000000008000228                __aeabi_drsub
                0x0000000008000230                __aeabi_dsub
                0x0000000008000230                __subdf3
                0x0000000008000234                __aeabi_dadd
                0x0000000008000234                __adddf3
                0x00000000080004ac                __floatunsidf
                0x00000000080004ac                __aeabi_ui2d
                0x00000000080004cc                __floatsidf
                0x00000000080004cc                __aeabi_i2d
                0x00000000080004f0                __aeabi_f2d
                0x00000000080004f0                __extendsfdf2
                0x0000000008000534                __floatundidf
                0x0000000008000534                __aeabi_ul2d
                0x0000000008000544                __floatdidf
                0x0000000008000544                __aeabi_l2d
 .text          0x00000000080005a0      0x424 d:/app/stm32cubeide_1.10.1/stm32cubeide/plugins/com.st.stm32cube.ide.mcu.externaltools.gnu-tools-for-stm32.10.3-2021.10.win32_1.0.0.202111181127/tools/bin/../lib/gcc/arm-none-eabi/10.3.1/thumb/v7-m/nofp\libgcc.a(_arm_muldivdf3.o)
                0x00000000080005a0                __aeabi_dmul
                0x00000000080005a0                __muldf3
                0x00000000080007f4                __divdf3
                0x00000000080007f4                __aeabi_ddiv
 .text          0x00000000080009c4      0x110 d:/app/stm32cubeide_1.10.1/stm32cubeide/plugins/com.st.stm32cube.ide.mcu.externaltools.gnu-tools-for-stm32.10.3-2021.10.win32_1.0.0.202111181127/tools/bin/../lib/gcc/arm-none-eabi/10.3.1/thumb/v7-m/nofp\libgcc.a(_arm_cmpdf2.o)
                0x00000000080009c4                __gtdf2
                0x00000000080009c4                __gedf2
                0x00000000080009cc                __ltdf2
                0x00000000080009cc                __ledf2
                0x00000000080009d4                __nedf2
                0x00000000080009d4                __eqdf2
                0x00000000080009d4                __cmpdf2
                0x0000000008000a50                __aeabi_cdrcmple
                0x0000000008000a60                __aeabi_cdcmpeq
                0x0000000008000a60                __aeabi_cdcmple
                0x0000000008000a70                __aeabi_dcmpeq
                0x0000000008000a84                __aeabi_dcmplt
                0x0000000008000a98                __aeabi_dcmple
                0x0000000008000aac                __aeabi_dcmpge
                0x0000000008000ac0                __aeabi_dcmpgt
 .text          0x0000000008000ad4       0x50 d:/app/stm32cubeide_1.10.1/stm32cubeide/plugins/com.st.stm32cube.ide.mcu.externaltools.gnu-tools-for-stm32.10.3-2021.10.win32_1.0.0.202111181127/tools/bin/../lib/gcc/arm-none-eabi/10.3.1/thumb/v7-m/nofp\libgcc.a(_arm_fixdfsi.o)
                0x0000000008000ad4                __aeabi_d2iz
                0x0000000008000ad4                __fixdfsi
 .text          0x0000000008000b24       0xa0 d:/app/stm32cubeide_1.10.1/stm32cubeide/plugins/com.st.stm32cube.ide.mcu.externaltools.gnu-tools-for-stm32.10.3-2021.10.win32_1.0.0.202111181127/tools/bin/../lib/gcc/arm-none-eabi/10.3.1/thumb/v7-m/nofp\libgcc.a(_arm_truncdfsf2.o)
                0x0000000008000b24                __truncdfsf2
                0x0000000008000b24                __aeabi_d2f
 .text          0x0000000008000bc4      0x21c d:/app/stm32cubeide_1.10.1/stm32cubeide/plugins/com.st.stm32cube.ide.mcu.externaltools.gnu-tools-for-stm32.10.3-2021.10.win32_1.0.0.202111181127/tools/bin/../lib/gcc/arm-none-eabi/10.3.1/thumb/v7-m/nofp\libgcc.a(_arm_addsubsf3.o)
                0x0000000008000bc4                __aeabi_frsub
                0x0000000008000bcc                __subsf3
                0x0000000008000bcc                __aeabi_fsub
                0x0000000008000bd0                __aeabi_fadd
                0x0000000008000bd0                __addsf3
                0x0000000008000d30                __aeabi_ui2f
                0x0000000008000d30                __floatunsisf
                0x0000000008000d38                __aeabi_i2f
                0x0000000008000d38                __floatsisf
                0x0000000008000d54                __aeabi_ul2f
                0x0000000008000d54                __floatundisf
                0x0000000008000d64                __aeabi_l2f
                0x0000000008000d64                __floatdisf
 .text          0x0000000008000de0      0x2a0 d:/app/stm32cubeide_1.10.1/stm32cubeide/plugins/com.st.stm32cube.ide.mcu.externaltools.gnu-tools-for-stm32.10.3-2021.10.win32_1.0.0.202111181127/tools/bin/../lib/gcc/arm-none-eabi/10.3.1/thumb/v7-m/nofp\libgcc.a(_arm_muldivsf3.o)
                0x0000000008000de0                __mulsf3
                0x0000000008000de0                __aeabi_fmul
                0x0000000008000f48                __aeabi_fdiv
                0x0000000008000f48                __divsf3
 .text          0x0000000008001080       0xec d:/app/stm32cubeide_1.10.1/stm32cubeide/plugins/com.st.stm32cube.ide.mcu.externaltools.gnu-tools-for-stm32.10.3-2021.10.win32_1.0.0.202111181127/tools/bin/../lib/gcc/arm-none-eabi/10.3.1/thumb/v7-m/nofp\libgcc.a(_arm_cmpsf2.o)
                0x0000000008001080                __gesf2
                0x0000000008001080                __gtsf2
                0x0000000008001088                __lesf2
                0x0000000008001088                __ltsf2
                0x0000000008001090                __nesf2
                0x0000000008001090                __eqsf2
                0x0000000008001090                __cmpsf2
                0x00000000080010f0                __aeabi_cfrcmple
                0x00000000080010f8                __aeabi_cfcmpeq
                0x00000000080010f8                __aeabi_cfcmple
                0x0000000008001108                __aeabi_fcmpeq
                0x000000000800111c                __aeabi_fcmplt
                0x0000000008001130                __aeabi_fcmple
                0x0000000008001144                __aeabi_fcmpge
                0x0000000008001158                __aeabi_fcmpgt
 .text          0x000000000800116c       0x4c d:/app/stm32cubeide_1.10.1/stm32cubeide/plugins/com.st.stm32cube.ide.mcu.externaltools.gnu-tools-for-stm32.10.3-2021.10.win32_1.0.0.202111181127/tools/bin/../lib/gcc/arm-none-eabi/10.3.1/thumb/v7-m/nofp\libgcc.a(_arm_fixsfsi.o)
                0x000000000800116c                __aeabi_f2iz
                0x000000000800116c                __fixsfsi
 .text          0x00000000080011b8       0x40 d:/app/stm32cubeide_1.10.1/stm32cubeide/plugins/com.st.stm32cube.ide.mcu.externaltools.gnu-tools-for-stm32.10.3-2021.10.win32_1.0.0.202111181127/tools/bin/../lib/gcc/arm-none-eabi/10.3.1/thumb/v7-m/nofp\libgcc.a(_arm_fixunssfsi.o)
                0x00000000080011b8                __fixunssfsi
                0x00000000080011b8                __aeabi_f2uiz
 *(.text*)
 .text.chao_move_angle
                0x00000000080011f8      0x234 ./Core/Src/collab_util.o
                0x00000000080011f8                chao_move_angle
 *fill*         0x000000000800142c        0x4 
 .text.move_angle_omega
                0x0000000008001430      0x39c ./Core/Src/collab_util.o
                0x0000000008001430                move_angle_omega
 .text.move_random
                0x00000000080017cc      0x2a0 ./Core/Src/collab_util.o
                0x00000000080017cc                move_random
 .text.huansic_jy62_init
                0x0000000008001a6c       0xc8 ./Core/Src/huansic_jy62lib.o
                0x0000000008001a6c                huansic_jy62_init
 .text.huansic_jy62_dma_isr
                0x0000000008001b34      0x240 ./Core/Src/huansic_jy62lib.o
                0x0000000008001b34                huansic_jy62_dma_isr
 .text.huansic_jy62_isr
                0x0000000008001d74       0x6e ./Core/Src/huansic_jy62lib.o
                0x0000000008001d74                huansic_jy62_isr
 .text.huansic_jy62_dma_error
                0x0000000008001de2       0x28 ./Core/Src/huansic_jy62lib.o
                0x0000000008001de2                huansic_jy62_dma_error
 .text.huansic_jy62_it_error
                0x0000000008001e0a       0x28 ./Core/Src/huansic_jy62lib.o
                0x0000000008001e0a                huansic_jy62_it_error
 *fill*         0x0000000008001e32        0x6 
 .text.__huansic_jy62_decode_accel
                0x0000000008001e38       0xd4 ./Core/Src/huansic_jy62lib.o
 .text.__huansic_jy62_decode_omega
                0x0000000008001f0c       0xa8 ./Core/Src/huansic_jy62lib.o
 .text.__huansic_jy62_decode_theta
                0x0000000008001fb4       0xa8 ./Core/Src/huansic_jy62lib.o
 *fill*         0x000000000800205c        0x4 
 .text.__huansic_jy62_decode_temp
                0x0000000008002060       0x9c ./Core/Src/huansic_jy62lib.o
 .text.custom_order_free_fault
                0x00000000080020fc       0x12 ./Core/Src/huansic_malloc.o
                0x00000000080020fc                custom_order_free_fault
 *fill*         0x000000000800210e        0x2 
 .text.huansic_order_init
                0x0000000008002110       0x80 ./Core/Src/huansic_malloc.o
                0x0000000008002110                huansic_order_init
 .text.huansic_order_new
                0x0000000008002190       0xb4 ./Core/Src/huansic_malloc.o
                0x0000000008002190                huansic_order_new
 .text.huansic_order_delete
                0x0000000008002244       0x30 ./Core/Src/huansic_malloc.o
                0x0000000008002244                huansic_order_delete
 .text.huansic_motor_init
                0x0000000008002274      0x17c ./Core/Src/huansic_motorlib.o
                0x0000000008002274                huansic_motor_init
 .text.huansic_motor_pid
                0x00000000080023f0      0x2c0 ./Core/Src/huansic_motorlib.o
                0x00000000080023f0                huansic_motor_pid
 .text.custom_order_new_failed
                0x00000000080026b0       0x14 ./Core/Src/huansic_xblib.o
                0x00000000080026b0                custom_order_new_failed
 .text.huansic_xb_init
                0x00000000080026c4       0x6c ./Core/Src/huansic_xblib.o
                0x00000000080026c4                huansic_xb_init
 .text.huansic_xb_decodeHeader
                0x0000000008002730      0x156 ./Core/Src/huansic_xblib.o
                0x0000000008002730                huansic_xb_decodeHeader
 *fill*         0x0000000008002886        0x2 
 .text.huansic_xb_decodeBody
                0x0000000008002888      0xaf4 ./Core/Src/huansic_xblib.o
                0x0000000008002888                huansic_xb_decodeBody
 .text.huansic_xb_requestGameInfo
                0x000000000800337c       0x28 ./Core/Src/huansic_xblib.o
                0x000000000800337c                huansic_xb_requestGameInfo
 .text.huansic_xb_setBeacon
                0x00000000080033a4       0x28 ./Core/Src/huansic_xblib.o
                0x00000000080033a4                huansic_xb_setBeacon
 .text.huansic_xb_dma_error
                0x00000000080033cc       0x30 ./Core/Src/huansic_xblib.o
                0x00000000080033cc                huansic_xb_dma_error
 .text.huansic_xb_it_error
                0x00000000080033fc       0x30 ./Core/Src/huansic_xblib.o
                0x00000000080033fc                huansic_xb_it_error
 .text.huansic_xb_isr
                0x000000000800342c       0x8c ./Core/Src/huansic_xblib.o
                0x000000000800342c                huansic_xb_isr
 .text.huansic_xb_dma_isr
                0x00000000080034b8       0x34 ./Core/Src/huansic_xblib.o
                0x00000000080034b8                huansic_xb_dma_isr
 .text.main     0x00000000080034ec      0x5c4 ./Core/Src/main.o
                0x00000000080034ec                main
 .text.SystemClock_Config
                0x0000000008003ab0       0x8c ./Core/Src/main.o
                0x0000000008003ab0                SystemClock_Config
 .text.MX_I2C1_Init
                0x0000000008003b3c       0x5c ./Core/Src/main.o
 .text.MX_TIM1_Init
                0x0000000008003b98      0x188 ./Core/Src/main.o
 .text.MX_TIM2_Init
                0x0000000008003d20       0xa8 ./Core/Src/main.o
 .text.MX_TIM3_Init
                0x0000000008003dc8       0xa8 ./Core/Src/main.o
 .text.MX_TIM4_Init
                0x0000000008003e70       0xa8 ./Core/Src/main.o
 .text.MX_TIM5_Init
                0x0000000008003f18       0xa8 ./Core/Src/main.o
 .text.MX_TIM6_Init
                0x0000000008003fc0       0x6c ./Core/Src/main.o
 .text.MX_TIM7_Init
                0x000000000800402c       0x6c ./Core/Src/main.o
 .text.MX_TIM8_Init
                0x0000000008004098      0x188 ./Core/Src/main.o
 .text.MX_USART2_UART_Init
                0x0000000008004220       0x54 ./Core/Src/main.o
 .text.MX_USART3_UART_Init
                0x0000000008004274       0x54 ./Core/Src/main.o
 .text.MX_DMA_Init
                0x00000000080042c8       0x4c ./Core/Src/main.o
 .text.MX_GPIO_Init
                0x0000000008004314       0xac ./Core/Src/main.o
 .text.HUAN_MOTOR1_Init
                0x00000000080043c0       0x68 ./Core/Src/main.o
 .text.HUAN_MOTOR2_Init
                0x0000000008004428       0x68 ./Core/Src/main.o
 .text.HUAN_MOTOR3_Init
                0x0000000008004490       0x68 ./Core/Src/main.o
 .text.HUAN_MOTOR4_Init
                0x00000000080044f8       0x68 ./Core/Src/main.o
 .text.HUAN_IMU_Init
                0x0000000008004560       0x28 ./Core/Src/main.o
 .text.HUAN_ZIGBEE_Init
                0x0000000008004588       0x28 ./Core/Src/main.o
 .text.HAL_UART_RxCpltCallback
                0x00000000080045b0       0xcc ./Core/Src/main.o
                0x00000000080045b0                HAL_UART_RxCpltCallback
 .text.HAL_UART_ErrorCallback
                0x000000000800467c      0x134 ./Core/Src/main.o
                0x000000000800467c                HAL_UART_ErrorCallback
 .text.HUAN_PeriodicInt1000ms_ISR
                0x00000000080047b0       0xe0 ./Core/Src/main.o
                0x00000000080047b0                HUAN_PeriodicInt1000ms_ISR
 .text.Error_Handler
                0x0000000008004890        0xa ./Core/Src/main.o
                0x0000000008004890                Error_Handler
 *fill*         0x000000000800489a        0x2 
 .text.order_list_init
                0x000000000800489c       0x1c ./Core/Src/ming_malloc.o
                0x000000000800489c                order_list_init
 .text.order_append
                0x00000000080048b8       0x88 ./Core/Src/ming_malloc.o
                0x00000000080048b8                order_append
 .text.Get_nearest_order
                0x0000000008004940       0xa0 ./Core/Src/ming_malloc.o
                0x0000000008004940                Get_nearest_order
 .text.exitpoints_init
                0x00000000080049e0       0x70 ./Core/Src/ming_malloc.o
                0x00000000080049e0                exitpoints_init
 .text.GotoDestination
                0x0000000008004a50      0x4f0 ./Core/Src/positionpid.o
                0x0000000008004a50                GotoDestination
 .text.Angle_normalization
                0x0000000008004f40       0x54 ./Core/Src/positionpid.o
                0x0000000008004f40                Angle_normalization
 .text.CalSpeed
                0x0000000008004f94       0x80 ./Core/Src/positionpid.o
                0x0000000008004f94                CalSpeed
 .text.CheckCoord
                0x0000000008005014       0x4c ./Core/Src/positionpid.o
                0x0000000008005014                CheckCoord
 .text.Position_P
                0x0000000008005060      0x3b8 ./Core/Src/positionpid.o
                0x0000000008005060                Position_P
 .text.ssd1306_Reset
                0x0000000008005418        0xc ./Core/Src/ssd1306.o
                0x0000000008005418                ssd1306_Reset
 .text.ssd1306_WriteCommand
                0x0000000008005424       0x30 ./Core/Src/ssd1306.o
                0x0000000008005424                ssd1306_WriteCommand
 .text.ssd1306_WriteData
                0x0000000008005454       0x34 ./Core/Src/ssd1306.o
                0x0000000008005454                ssd1306_WriteData
 .text.ssd1306_Init
                0x0000000008005488       0xd4 ./Core/Src/ssd1306.o
                0x0000000008005488                ssd1306_Init
 .text.ssd1306_Fill
                0x000000000800555c       0x44 ./Core/Src/ssd1306.o
                0x000000000800555c                ssd1306_Fill
 .text.ssd1306_UpdateScreen
                0x00000000080055a0       0x50 ./Core/Src/ssd1306.o
                0x00000000080055a0                ssd1306_UpdateScreen
 .text.ssd1306_DrawPixel
                0x00000000080055f0       0xa4 ./Core/Src/ssd1306.o
                0x00000000080055f0                ssd1306_DrawPixel
 .text.ssd1306_WriteChar
                0x0000000008005694      0x110 ./Core/Src/ssd1306.o
                0x0000000008005694                ssd1306_WriteChar
 .text.ssd1306_WriteString
                0x00000000080057a4       0x4c ./Core/Src/ssd1306.o
                0x00000000080057a4                ssd1306_WriteString
 .text.ssd1306_SetCursor
                0x00000000080057f0       0x30 ./Core/Src/ssd1306.o
                0x00000000080057f0                ssd1306_SetCursor
 .text.ssd1306_SetContrast
                0x0000000008005820       0x26 ./Core/Src/ssd1306.o
                0x0000000008005820                ssd1306_SetContrast
 *fill*         0x0000000008005846        0x2 
 .text.ssd1306_SetDisplayOn
                0x0000000008005848       0x3c ./Core/Src/ssd1306.o
                0x0000000008005848                ssd1306_SetDisplayOn
 .text.HAL_MspInit
                0x0000000008005884       0x64 ./Core/Src/stm32f1xx_hal_msp.o
                0x0000000008005884                HAL_MspInit
 .text.HAL_I2C_MspInit
                0x00000000080058e8       0xa0 ./Core/Src/stm32f1xx_hal_msp.o
                0x00000000080058e8                HAL_I2C_MspInit
 .text.HAL_TIM_Base_MspInit
                0x0000000008005988       0xd4 ./Core/Src/stm32f1xx_hal_msp.o
                0x0000000008005988                HAL_TIM_Base_MspInit
 .text.HAL_TIM_Encoder_MspInit
                0x0000000008005a5c      0x1e0 ./Core/Src/stm32f1xx_hal_msp.o
                0x0000000008005a5c                HAL_TIM_Encoder_MspInit
 .text.HAL_TIM_MspPostInit
                0x0000000008005c3c       0xac ./Core/Src/stm32f1xx_hal_msp.o
                0x0000000008005c3c                HAL_TIM_MspPostInit
 .text.HAL_UART_MspInit
                0x0000000008005ce8      0x1fc ./Core/Src/stm32f1xx_hal_msp.o
                0x0000000008005ce8                HAL_UART_MspInit
 .text.HAL_UART_MspDeInit
                0x0000000008005ee4       0x84 ./Core/Src/stm32f1xx_hal_msp.o
                0x0000000008005ee4                HAL_UART_MspDeInit
 .text.NMI_Handler
                0x0000000008005f68       0x14 ./Core/Src/stm32f1xx_it.o
                0x0000000008005f68                NMI_Handler
 .text.HardFault_Handler
                0x0000000008005f7c       0x14 ./Core/Src/stm32f1xx_it.o
                0x0000000008005f7c                HardFault_Handler
 .text.MemManage_Handler
                0x0000000008005f90       0x14 ./Core/Src/stm32f1xx_it.o
                0x0000000008005f90                MemManage_Handler
 .text.BusFault_Handler
                0x0000000008005fa4       0x14 ./Core/Src/stm32f1xx_it.o
                0x0000000008005fa4                BusFault_Handler
 .text.UsageFault_Handler
                0x0000000008005fb8       0x14 ./Core/Src/stm32f1xx_it.o
                0x0000000008005fb8                UsageFault_Handler
 .text.SVC_Handler
                0x0000000008005fcc        0xc ./Core/Src/stm32f1xx_it.o
                0x0000000008005fcc                SVC_Handler
 .text.DebugMon_Handler
                0x0000000008005fd8        0xc ./Core/Src/stm32f1xx_it.o
                0x0000000008005fd8                DebugMon_Handler
 .text.PendSV_Handler
                0x0000000008005fe4        0xc ./Core/Src/stm32f1xx_it.o
                0x0000000008005fe4                PendSV_Handler
 .text.SysTick_Handler
                0x0000000008005ff0        0xc ./Core/Src/stm32f1xx_it.o
                0x0000000008005ff0                SysTick_Handler
 .text.DMA1_Channel3_IRQHandler
                0x0000000008005ffc       0x14 ./Core/Src/stm32f1xx_it.o
                0x0000000008005ffc                DMA1_Channel3_IRQHandler
 .text.DMA1_Channel6_IRQHandler
                0x0000000008006010       0x14 ./Core/Src/stm32f1xx_it.o
                0x0000000008006010                DMA1_Channel6_IRQHandler
 .text.USART2_IRQHandler
                0x0000000008006024       0x14 ./Core/Src/stm32f1xx_it.o
                0x0000000008006024                USART2_IRQHandler
 .text.USART3_IRQHandler
                0x0000000008006038       0x14 ./Core/Src/stm32f1xx_it.o
                0x0000000008006038                USART3_IRQHandler
 .text.TIM6_IRQHandler
                0x000000000800604c       0x3c ./Core/Src/stm32f1xx_it.o
                0x000000000800604c                TIM6_IRQHandler
 .text.TIM7_IRQHandler
                0x0000000008006088       0x18 ./Core/Src/stm32f1xx_it.o
                0x0000000008006088                TIM7_IRQHandler
 .text._getpid  0x00000000080060a0        0xe ./Core/Src/syscalls.o
                0x00000000080060a0                _getpid
 .text._kill    0x00000000080060ae       0x20 ./Core/Src/syscalls.o
                0x00000000080060ae                _kill
 .text._exit    0x00000000080060ce       0x14 ./Core/Src/syscalls.o
                0x00000000080060ce                _exit
 .text._read    0x00000000080060e2       0x3a ./Core/Src/syscalls.o
                0x00000000080060e2                _read
 .text._write   0x000000000800611c       0x38 ./Core/Src/syscalls.o
                0x000000000800611c                _write
 .text._close   0x0000000008006154       0x16 ./Core/Src/syscalls.o
                0x0000000008006154                _close
 .text._fstat   0x000000000800616a       0x1e ./Core/Src/syscalls.o
                0x000000000800616a                _fstat
 .text._isatty  0x0000000008006188       0x14 ./Core/Src/syscalls.o
                0x0000000008006188                _isatty
 .text._lseek   0x000000000800619c       0x18 ./Core/Src/syscalls.o
                0x000000000800619c                _lseek
 .text._sbrk    0x00000000080061b4       0x6c ./Core/Src/sysmem.o
                0x00000000080061b4                _sbrk
 .text.SystemInit
                0x0000000008006220        0xc ./Core/Src/system_stm32f1xx.o
                0x0000000008006220                SystemInit
 .text.set_Beacons
                0x000000000800622c       0x50 ./Core/Src/task.o
                0x000000000800622c                set_Beacons
 .text.Cal_Battery_Coord
                0x000000000800627c       0x6c ./Core/Src/task.o
                0x000000000800627c                Cal_Battery_Coord
 .text.Get_packet
                0x00000000080062e8       0x18 ./Core/Src/task.o
                0x00000000080062e8                Get_packet
 .text.Send_packet
                0x0000000008006300       0x18 ./Core/Src/task.o
                0x0000000008006300                Send_packet
 .text.Get_nearest_consumer
                0x0000000008006318       0xfc ./Core/Src/task.o
                0x0000000008006318                Get_nearest_consumer
 .text.Get_nearest_Beacon
                0x0000000008006414       0xb0 ./Core/Src/task.o
                0x0000000008006414                Get_nearest_Beacon
 .text.Reset_Handler
                0x00000000080064c4       0x48 ./Core/Startup/startup_stm32f103rctx.o
                0x00000000080064c4                Reset_Handler
 .text.Default_Handler
                0x000000000800650c        0x2 ./Core/Startup/startup_stm32f103rctx.o
                0x000000000800650c                RTC_Alarm_IRQHandler
                0x000000000800650c                EXTI2_IRQHandler
                0x000000000800650c                TIM8_TRG_COM_IRQHandler
                0x000000000800650c                TIM8_CC_IRQHandler
                0x000000000800650c                TIM1_CC_IRQHandler
                0x000000000800650c                PVD_IRQHandler
                0x000000000800650c                SDIO_IRQHandler
                0x000000000800650c                EXTI3_IRQHandler
                0x000000000800650c                EXTI0_IRQHandler
                0x000000000800650c                I2C2_EV_IRQHandler
                0x000000000800650c                ADC1_2_IRQHandler
                0x000000000800650c                SPI1_IRQHandler
                0x000000000800650c                TAMPER_IRQHandler
                0x000000000800650c                TIM8_UP_IRQHandler
                0x000000000800650c                DMA2_Channel2_IRQHandler
                0x000000000800650c                DMA1_Channel4_IRQHandler
                0x000000000800650c                RTC_IRQHandler
                0x000000000800650c                DMA1_Channel7_IRQHandler
                0x000000000800650c                CAN1_RX1_IRQHandler
                0x000000000800650c                UART5_IRQHandler
                0x000000000800650c                ADC3_IRQHandler
                0x000000000800650c                TIM4_IRQHandler
                0x000000000800650c                DMA2_Channel1_IRQHandler
                0x000000000800650c                I2C1_EV_IRQHandler
                0x000000000800650c                UART4_IRQHandler
                0x000000000800650c                TIM3_IRQHandler
                0x000000000800650c                RCC_IRQHandler
                0x000000000800650c                TIM1_TRG_COM_IRQHandler
                0x000000000800650c                DMA1_Channel1_IRQHandler
                0x000000000800650c                Default_Handler
                0x000000000800650c                EXTI15_10_IRQHandler
                0x000000000800650c                TIM5_IRQHandler
                0x000000000800650c                EXTI9_5_IRQHandler
                0x000000000800650c                SPI2_IRQHandler
                0x000000000800650c                DMA1_Channel5_IRQHandler
                0x000000000800650c                EXTI4_IRQHandler
                0x000000000800650c                USB_LP_CAN1_RX0_IRQHandler
                0x000000000800650c                USB_HP_CAN1_TX_IRQHandler
                0x000000000800650c                FSMC_IRQHandler
                0x000000000800650c                TIM1_UP_IRQHandler
                0x000000000800650c                WWDG_IRQHandler
                0x000000000800650c                TIM2_IRQHandler
                0x000000000800650c                TIM1_BRK_IRQHandler
                0x000000000800650c                EXTI1_IRQHandler
                0x000000000800650c                DMA2_Channel4_5_IRQHandler
                0x000000000800650c                I2C2_ER_IRQHandler
                0x000000000800650c                DMA1_Channel2_IRQHandler
                0x000000000800650c                TIM8_BRK_IRQHandler
                0x000000000800650c                CAN1_SCE_IRQHandler
                0x000000000800650c                FLASH_IRQHandler
                0x000000000800650c                USART1_IRQHandler
                0x000000000800650c                SPI3_IRQHandler
                0x000000000800650c                I2C1_ER_IRQHandler
                0x000000000800650c                USBWakeUp_IRQHandler
                0x000000000800650c                DMA2_Channel3_IRQHandler
 *fill*         0x000000000800650e        0x2 
 .text.HAL_Init
                0x0000000008006510       0x2c ./Drivers/STM32F1xx_HAL_Driver/Src/stm32f1xx_hal.o
                0x0000000008006510                HAL_Init
 .text.HAL_InitTick
                0x000000000800653c       0x60 ./Drivers/STM32F1xx_HAL_Driver/Src/stm32f1xx_hal.o
                0x000000000800653c                HAL_InitTick
 .text.HAL_IncTick
                0x000000000800659c       0x24 ./Drivers/STM32F1xx_HAL_Driver/Src/stm32f1xx_hal.o
                0x000000000800659c                HAL_IncTick
 .text.HAL_GetTick
                0x00000000080065c0       0x14 ./Drivers/STM32F1xx_HAL_Driver/Src/stm32f1xx_hal.o
                0x00000000080065c0                HAL_GetTick
 .text.HAL_Delay
                0x00000000080065d4       0x48 ./Drivers/STM32F1xx_HAL_Driver/Src/stm32f1xx_hal.o
                0x00000000080065d4                HAL_Delay
 .text.__NVIC_SetPriorityGrouping
                0x000000000800661c       0x48 ./Drivers/STM32F1xx_HAL_Driver/Src/stm32f1xx_hal_cortex.o
 .text.__NVIC_GetPriorityGrouping
                0x0000000008006664       0x1c ./Drivers/STM32F1xx_HAL_Driver/Src/stm32f1xx_hal_cortex.o
 .text.__NVIC_EnableIRQ
                0x0000000008006680       0x38 ./Drivers/STM32F1xx_HAL_Driver/Src/stm32f1xx_hal_cortex.o
 .text.__NVIC_DisableIRQ
                0x00000000080066b8       0x48 ./Drivers/STM32F1xx_HAL_Driver/Src/stm32f1xx_hal_cortex.o
 .text.__NVIC_SetPriority
                0x0000000008006700       0x54 ./Drivers/STM32F1xx_HAL_Driver/Src/stm32f1xx_hal_cortex.o
 .text.NVIC_EncodePriority
                0x0000000008006754       0x64 ./Drivers/STM32F1xx_HAL_Driver/Src/stm32f1xx_hal_cortex.o
 .text.SysTick_Config
                0x00000000080067b8       0x44 ./Drivers/STM32F1xx_HAL_Driver/Src/stm32f1xx_hal_cortex.o
 .text.HAL_NVIC_SetPriorityGrouping
                0x00000000080067fc       0x16 ./Drivers/STM32F1xx_HAL_Driver/Src/stm32f1xx_hal_cortex.o
                0x00000000080067fc                HAL_NVIC_SetPriorityGrouping
 .text.HAL_NVIC_SetPriority
                0x0000000008006812       0x38 ./Drivers/STM32F1xx_HAL_Driver/Src/stm32f1xx_hal_cortex.o
                0x0000000008006812                HAL_NVIC_SetPriority
 .text.HAL_NVIC_EnableIRQ
                0x000000000800684a       0x1c ./Drivers/STM32F1xx_HAL_Driver/Src/stm32f1xx_hal_cortex.o
                0x000000000800684a                HAL_NVIC_EnableIRQ
 .text.HAL_NVIC_DisableIRQ
                0x0000000008006866       0x1c ./Drivers/STM32F1xx_HAL_Driver/Src/stm32f1xx_hal_cortex.o
                0x0000000008006866                HAL_NVIC_DisableIRQ
 .text.HAL_SYSTICK_Config
                0x0000000008006882       0x18 ./Drivers/STM32F1xx_HAL_Driver/Src/stm32f1xx_hal_cortex.o
                0x0000000008006882                HAL_SYSTICK_Config
 *fill*         0x000000000800689a        0x2 
 .text.HAL_DMA_Init
                0x000000000800689c       0xec ./Drivers/STM32F1xx_HAL_Driver/Src/stm32f1xx_hal_dma.o
                0x000000000800689c                HAL_DMA_Init
 .text.HAL_DMA_DeInit
                0x0000000008006988       0xf0 ./Drivers/STM32F1xx_HAL_Driver/Src/stm32f1xx_hal_dma.o
                0x0000000008006988                HAL_DMA_DeInit
 .text.HAL_DMA_Start_IT
                0x0000000008006a78       0xbe ./Drivers/STM32F1xx_HAL_Driver/Src/stm32f1xx_hal_dma.o
                0x0000000008006a78                HAL_DMA_Start_IT
 .text.HAL_DMA_Abort
                0x0000000008006b36       0x74 ./Drivers/STM32F1xx_HAL_Driver/Src/stm32f1xx_hal_dma.o
                0x0000000008006b36                HAL_DMA_Abort
 *fill*         0x0000000008006baa        0x2 
 .text.HAL_DMA_Abort_IT
                0x0000000008006bac      0x210 ./Drivers/STM32F1xx_HAL_Driver/Src/stm32f1xx_hal_dma.o
                0x0000000008006bac                HAL_DMA_Abort_IT
 .text.HAL_DMA_IRQHandler
                0x0000000008006dbc      0x478 ./Drivers/STM32F1xx_HAL_Driver/Src/stm32f1xx_hal_dma.o
                0x0000000008006dbc                HAL_DMA_IRQHandler
 .text.DMA_SetConfig
                0x0000000008007234       0x5a ./Drivers/STM32F1xx_HAL_Driver/Src/stm32f1xx_hal_dma.o
 *fill*         0x000000000800728e        0x2 
 .text.HAL_GPIO_Init
                0x0000000008007290      0x328 ./Drivers/STM32F1xx_HAL_Driver/Src/stm32f1xx_hal_gpio.o
                0x0000000008007290                HAL_GPIO_Init
 .text.HAL_GPIO_DeInit
                0x00000000080075b8      0x198 ./Drivers/STM32F1xx_HAL_Driver/Src/stm32f1xx_hal_gpio.o
                0x00000000080075b8                HAL_GPIO_DeInit
 .text.HAL_GPIO_WritePin
                0x0000000008007750       0x30 ./Drivers/STM32F1xx_HAL_Driver/Src/stm32f1xx_hal_gpio.o
                0x0000000008007750                HAL_GPIO_WritePin
 .text.HAL_I2C_Init
                0x0000000008007780      0x288 ./Drivers/STM32F1xx_HAL_Driver/Src/stm32f1xx_hal_i2c.o
                0x0000000008007780                HAL_I2C_Init
 .text.HAL_I2C_Mem_Write
                0x0000000008007a08      0x1f4 ./Drivers/STM32F1xx_HAL_Driver/Src/stm32f1xx_hal_i2c.o
                0x0000000008007a08                HAL_I2C_Mem_Write
 .text.I2C_RequestMemoryWrite
                0x0000000008007bfc      0x12c ./Drivers/STM32F1xx_HAL_Driver/Src/stm32f1xx_hal_i2c.o
 .text.I2C_WaitOnFlagUntilTimeout
                0x0000000008007d28       0xae ./Drivers/STM32F1xx_HAL_Driver/Src/stm32f1xx_hal_i2c.o
 .text.I2C_WaitOnMasterAddressFlagUntilTimeout
                0x0000000008007dd6       0xfe ./Drivers/STM32F1xx_HAL_Driver/Src/stm32f1xx_hal_i2c.o
 .text.I2C_WaitOnTXEFlagUntilTimeout
                0x0000000008007ed4       0x82 ./Drivers/STM32F1xx_HAL_Driver/Src/stm32f1xx_hal_i2c.o
 .text.I2C_WaitOnBTFFlagUntilTimeout
                0x0000000008007f56       0x82 ./Drivers/STM32F1xx_HAL_Driver/Src/stm32f1xx_hal_i2c.o
 .text.I2C_IsAcknowledgeFailed
                0x0000000008007fd8       0x5c ./Drivers/STM32F1xx_HAL_Driver/Src/stm32f1xx_hal_i2c.o
 .text.HAL_RCC_OscConfig
                0x0000000008008034      0x504 ./Drivers/STM32F1xx_HAL_Driver/Src/stm32f1xx_hal_rcc.o
                0x0000000008008034                HAL_RCC_OscConfig
 .text.HAL_RCC_ClockConfig
                0x0000000008008538      0x1d4 ./Drivers/STM32F1xx_HAL_Driver/Src/stm32f1xx_hal_rcc.o
                0x0000000008008538                HAL_RCC_ClockConfig
 .text.HAL_RCC_GetSysClockFreq
                0x000000000800870c       0xc0 ./Drivers/STM32F1xx_HAL_Driver/Src/stm32f1xx_hal_rcc.o
                0x000000000800870c                HAL_RCC_GetSysClockFreq
 .text.HAL_RCC_GetHCLKFreq
                0x00000000080087cc       0x14 ./Drivers/STM32F1xx_HAL_Driver/Src/stm32f1xx_hal_rcc.o
                0x00000000080087cc                HAL_RCC_GetHCLKFreq
 .text.HAL_RCC_GetPCLK1Freq
                0x00000000080087e0       0x28 ./Drivers/STM32F1xx_HAL_Driver/Src/stm32f1xx_hal_rcc.o
                0x00000000080087e0                HAL_RCC_GetPCLK1Freq
 .text.HAL_RCC_GetPCLK2Freq
                0x0000000008008808       0x28 ./Drivers/STM32F1xx_HAL_Driver/Src/stm32f1xx_hal_rcc.o
                0x0000000008008808                HAL_RCC_GetPCLK2Freq
 .text.RCC_Delay
                0x0000000008008830       0x3c ./Drivers/STM32F1xx_HAL_Driver/Src/stm32f1xx_hal_rcc.o
 .text.HAL_TIM_Base_Init
                0x000000000800886c       0x9e ./Drivers/STM32F1xx_HAL_Driver/Src/stm32f1xx_hal_tim.o
                0x000000000800886c                HAL_TIM_Base_Init
 *fill*         0x000000000800890a        0x2 
 .text.HAL_TIM_Base_Start_IT
                0x000000000800890c       0xc0 ./Drivers/STM32F1xx_HAL_Driver/Src/stm32f1xx_hal_tim.o
                0x000000000800890c                HAL_TIM_Base_Start_IT
 .text.HAL_TIM_PWM_Init
                0x00000000080089cc       0x9e ./Drivers/STM32F1xx_HAL_Driver/Src/stm32f1xx_hal_tim.o
                0x00000000080089cc                HAL_TIM_PWM_Init
 .text.HAL_TIM_PWM_MspInit
                0x0000000008008a6a       0x12 ./Drivers/STM32F1xx_HAL_Driver/Src/stm32f1xx_hal_tim.o
                0x0000000008008a6a                HAL_TIM_PWM_MspInit
 .text.HAL_TIM_PWM_Start
                0x0000000008008a7c      0x174 ./Drivers/STM32F1xx_HAL_Driver/Src/stm32f1xx_hal_tim.o
                0x0000000008008a7c                HAL_TIM_PWM_Start
 .text.HAL_TIM_Encoder_Init
                0x0000000008008bf0      0x144 ./Drivers/STM32F1xx_HAL_Driver/Src/stm32f1xx_hal_tim.o
                0x0000000008008bf0                HAL_TIM_Encoder_Init
 .text.HAL_TIM_Encoder_Start
                0x0000000008008d34      0x11c ./Drivers/STM32F1xx_HAL_Driver/Src/stm32f1xx_hal_tim.o
                0x0000000008008d34                HAL_TIM_Encoder_Start
 .text.HAL_TIM_IRQHandler
                0x0000000008008e50      0x210 ./Drivers/STM32F1xx_HAL_Driver/Src/stm32f1xx_hal_tim.o
                0x0000000008008e50                HAL_TIM_IRQHandler
 .text.HAL_TIM_PWM_ConfigChannel
                0x0000000008009060      0x17c ./Drivers/STM32F1xx_HAL_Driver/Src/stm32f1xx_hal_tim.o
                0x0000000008009060                HAL_TIM_PWM_ConfigChannel
 .text.HAL_TIM_ConfigClockSource
                0x00000000080091dc      0x188 ./Drivers/STM32F1xx_HAL_Driver/Src/stm32f1xx_hal_tim.o
                0x00000000080091dc                HAL_TIM_ConfigClockSource
 .text.HAL_TIM_PeriodElapsedCallback
                0x0000000008009364       0x12 ./Drivers/STM32F1xx_HAL_Driver/Src/stm32f1xx_hal_tim.o
                0x0000000008009364                HAL_TIM_PeriodElapsedCallback
 .text.HAL_TIM_OC_DelayElapsedCallback
                0x0000000008009376       0x12 ./Drivers/STM32F1xx_HAL_Driver/Src/stm32f1xx_hal_tim.o
                0x0000000008009376                HAL_TIM_OC_DelayElapsedCallback
 .text.HAL_TIM_IC_CaptureCallback
                0x0000000008009388       0x12 ./Drivers/STM32F1xx_HAL_Driver/Src/stm32f1xx_hal_tim.o
                0x0000000008009388                HAL_TIM_IC_CaptureCallback
 .text.HAL_TIM_PWM_PulseFinishedCallback
                0x000000000800939a       0x12 ./Drivers/STM32F1xx_HAL_Driver/Src/stm32f1xx_hal_tim.o
                0x000000000800939a                HAL_TIM_PWM_PulseFinishedCallback
 .text.HAL_TIM_TriggerCallback
                0x00000000080093ac       0x12 ./Drivers/STM32F1xx_HAL_Driver/Src/stm32f1xx_hal_tim.o
                0x00000000080093ac                HAL_TIM_TriggerCallback
 *fill*         0x00000000080093be        0x2 
 .text.TIM_Base_SetConfig
                0x00000000080093c0       0xf4 ./Drivers/STM32F1xx_HAL_Driver/Src/stm32f1xx_hal_tim.o
                0x00000000080093c0                TIM_Base_SetConfig
 .text.TIM_OC1_SetConfig
                0x00000000080094b4       0xe0 ./Drivers/STM32F1xx_HAL_Driver/Src/stm32f1xx_hal_tim.o
 .text.TIM_OC2_SetConfig
                0x0000000008009594       0xe8 ./Drivers/STM32F1xx_HAL_Driver/Src/stm32f1xx_hal_tim.o
                0x0000000008009594                TIM_OC2_SetConfig
 .text.TIM_OC3_SetConfig
                0x000000000800967c       0xe8 ./Drivers/STM32F1xx_HAL_Driver/Src/stm32f1xx_hal_tim.o
 .text.TIM_OC4_SetConfig
                0x0000000008009764       0xa8 ./Drivers/STM32F1xx_HAL_Driver/Src/stm32f1xx_hal_tim.o
 .text.TIM_TI1_ConfigInputStage
                0x000000000800980c       0x5c ./Drivers/STM32F1xx_HAL_Driver/Src/stm32f1xx_hal_tim.o
 .text.TIM_TI2_ConfigInputStage
                0x0000000008009868       0x5e ./Drivers/STM32F1xx_HAL_Driver/Src/stm32f1xx_hal_tim.o
 .text.TIM_ITRx_SetConfig
                0x00000000080098c6       0x34 ./Drivers/STM32F1xx_HAL_Driver/Src/stm32f1xx_hal_tim.o
 .text.TIM_ETR_SetConfig
                0x00000000080098fa       0x3e ./Drivers/STM32F1xx_HAL_Driver/Src/stm32f1xx_hal_tim.o
                0x00000000080098fa                TIM_ETR_SetConfig
 .text.TIM_CCxChannelCmd
                0x0000000008009938       0x48 ./Drivers/STM32F1xx_HAL_Driver/Src/stm32f1xx_hal_tim.o
                0x0000000008009938                TIM_CCxChannelCmd
 .text.HAL_TIMEx_MasterConfigSynchronization
                0x0000000008009980       0xd8 ./Drivers/STM32F1xx_HAL_Driver/Src/stm32f1xx_hal_tim_ex.o
                0x0000000008009980                HAL_TIMEx_MasterConfigSynchronization
 .text.HAL_TIMEx_ConfigBreakDeadTime
                0x0000000008009a58       0xa2 ./Drivers/STM32F1xx_HAL_Driver/Src/stm32f1xx_hal_tim_ex.o
                0x0000000008009a58                HAL_TIMEx_ConfigBreakDeadTime
 .text.HAL_TIMEx_CommutCallback
                0x0000000008009afa       0x12 ./Drivers/STM32F1xx_HAL_Driver/Src/stm32f1xx_hal_tim_ex.o
                0x0000000008009afa                HAL_TIMEx_CommutCallback
 .text.HAL_TIMEx_BreakCallback
                0x0000000008009b0c       0x12 ./Drivers/STM32F1xx_HAL_Driver/Src/stm32f1xx_hal_tim_ex.o
                0x0000000008009b0c                HAL_TIMEx_BreakCallback
 .text.HAL_UART_Init
                0x0000000008009b1e       0x9a ./Drivers/STM32F1xx_HAL_Driver/Src/stm32f1xx_hal_uart.o
                0x0000000008009b1e                HAL_UART_Init
 .text.HAL_UART_DeInit
                0x0000000008009bb8       0x5e ./Drivers/STM32F1xx_HAL_Driver/Src/stm32f1xx_hal_uart.o
                0x0000000008009bb8                HAL_UART_DeInit
 .text.HAL_UART_Transmit
                0x0000000008009c16      0x124 ./Drivers/STM32F1xx_HAL_Driver/Src/stm32f1xx_hal_uart.o
                0x0000000008009c16                HAL_UART_Transmit
 .text.HAL_UART_Receive_IT
                0x0000000008009d3a       0x60 ./Drivers/STM32F1xx_HAL_Driver/Src/stm32f1xx_hal_uart.o
                0x0000000008009d3a                HAL_UART_Receive_IT
 .text.HAL_UART_Receive_DMA
                0x0000000008009d9a       0x60 ./Drivers/STM32F1xx_HAL_Driver/Src/stm32f1xx_hal_uart.o
                0x0000000008009d9a                HAL_UART_Receive_DMA
 *fill*         0x0000000008009dfa        0x2 
 .text.HAL_UART_IRQHandler
                0x0000000008009dfc      0x354 ./Drivers/STM32F1xx_HAL_Driver/Src/stm32f1xx_hal_uart.o
                0x0000000008009dfc                HAL_UART_IRQHandler
 .text.HAL_UART_TxCpltCallback
                0x000000000800a150       0x12 ./Drivers/STM32F1xx_HAL_Driver/Src/stm32f1xx_hal_uart.o
                0x000000000800a150                HAL_UART_TxCpltCallback
 .text.HAL_UART_RxHalfCpltCallback
                0x000000000800a162       0x12 ./Drivers/STM32F1xx_HAL_Driver/Src/stm32f1xx_hal_uart.o
                0x000000000800a162                HAL_UART_RxHalfCpltCallback
 .text.HAL_UARTEx_RxEventCallback
                0x000000000800a174       0x16 ./Drivers/STM32F1xx_HAL_Driver/Src/stm32f1xx_hal_uart.o
                0x000000000800a174                HAL_UARTEx_RxEventCallback
 .text.UART_DMAReceiveCplt
                0x000000000800a18a       0x96 ./Drivers/STM32F1xx_HAL_Driver/Src/stm32f1xx_hal_uart.o
 .text.UART_DMARxHalfCplt
                0x000000000800a220       0x36 ./Drivers/STM32F1xx_HAL_Driver/Src/stm32f1xx_hal_uart.o
 .text.UART_DMAError
                0x000000000800a256       0x94 ./Drivers/STM32F1xx_HAL_Driver/Src/stm32f1xx_hal_uart.o
 .text.UART_WaitOnFlagUntilTimeout
                0x000000000800a2ea       0x94 ./Drivers/STM32F1xx_HAL_Driver/Src/stm32f1xx_hal_uart.o
 .text.UART_Start_Receive_IT
                0x000000000800a37e       0x72 ./Drivers/STM32F1xx_HAL_Driver/Src/stm32f1xx_hal_uart.o
                0x000000000800a37e                UART_Start_Receive_IT
 .text.UART_Start_Receive_DMA
                0x000000000800a3f0       0xc8 ./Drivers/STM32F1xx_HAL_Driver/Src/stm32f1xx_hal_uart.o
                0x000000000800a3f0                UART_Start_Receive_DMA
 .text.UART_EndTxTransfer
                0x000000000800a4b8       0x2a ./Drivers/STM32F1xx_HAL_Driver/Src/stm32f1xx_hal_uart.o
 .text.UART_EndRxTransfer
                0x000000000800a4e2       0x58 ./Drivers/STM32F1xx_HAL_Driver/Src/stm32f1xx_hal_uart.o
 .text.UART_DMAAbortOnError
                0x000000000800a53a       0x28 ./Drivers/STM32F1xx_HAL_Driver/Src/stm32f1xx_hal_uart.o
 .text.UART_Transmit_IT
                0x000000000800a562       0x9e ./Drivers/STM32F1xx_HAL_Driver/Src/stm32f1xx_hal_uart.o
 .text.UART_EndTransmit_IT
                0x000000000800a600       0x30 ./Drivers/STM32F1xx_HAL_Driver/Src/stm32f1xx_hal_uart.o
 .text.UART_Receive_IT
                0x000000000800a630      0x152 ./Drivers/STM32F1xx_HAL_Driver/Src/stm32f1xx_hal_uart.o
 *fill*         0x000000000800a782        0x2 
 .text.UART_SetConfig
                0x000000000800a784      0x11c ./Drivers/STM32F1xx_HAL_Driver/Src/stm32f1xx_hal_uart.o
 .text.__assert_func
                0x000000000800a8a0       0x3c d:/app/stm32cubeide_1.10.1/stm32cubeide/plugins/com.st.stm32cube.ide.mcu.externaltools.gnu-tools-for-stm32.10.3-2021.10.win32_1.0.0.202111181127/tools/bin/../lib/gcc/arm-none-eabi/10.3.1/../../../../arm-none-eabi/lib/thumb/v7-m/nofp\libc_nano.a(lib_a-assert.o)
                0x000000000800a8a0                __assert_func
 .text.__errno  0x000000000800a8dc        0xc d:/app/stm32cubeide_1.10.1/stm32cubeide/plugins/com.st.stm32cube.ide.mcu.externaltools.gnu-tools-for-stm32.10.3-2021.10.win32_1.0.0.202111181127/tools/bin/../lib/gcc/arm-none-eabi/10.3.1/../../../../arm-none-eabi/lib/thumb/v7-m/nofp\libc_nano.a(lib_a-errno.o)
                0x000000000800a8dc                __errno
 .text.fprintf  0x000000000800a8e8       0x24 d:/app/stm32cubeide_1.10.1/stm32cubeide/plugins/com.st.stm32cube.ide.mcu.externaltools.gnu-tools-for-stm32.10.3-2021.10.win32_1.0.0.202111181127/tools/bin/../lib/gcc/arm-none-eabi/10.3.1/../../../../arm-none-eabi/lib/thumb/v7-m/nofp\libc_nano.a(lib_a-fprintf.o)
                0x000000000800a8e8                fiprintf
                0x000000000800a8e8                fprintf
 .text.__libc_init_array
                0x000000000800a90c       0x48 d:/app/stm32cubeide_1.10.1/stm32cubeide/plugins/com.st.stm32cube.ide.mcu.externaltools.gnu-tools-for-stm32.10.3-2021.10.win32_1.0.0.202111181127/tools/bin/../lib/gcc/arm-none-eabi/10.3.1/../../../../arm-none-eabi/lib/thumb/v7-m/nofp\libc_nano.a(lib_a-init.o)
                0x000000000800a90c                __libc_init_array
 .text.memcpy   0x000000000800a954       0x1c d:/app/stm32cubeide_1.10.1/stm32cubeide/plugins/com.st.stm32cube.ide.mcu.externaltools.gnu-tools-for-stm32.10.3-2021.10.win32_1.0.0.202111181127/tools/bin/../lib/gcc/arm-none-eabi/10.3.1/../../../../arm-none-eabi/lib/thumb/v7-m/nofp\libc_nano.a(lib_a-memcpy-stub.o)
                0x000000000800a954                memcpy
 .text.memset   0x000000000800a970       0x10 d:/app/stm32cubeide_1.10.1/stm32cubeide/plugins/com.st.stm32cube.ide.mcu.externaltools.gnu-tools-for-stm32.10.3-2021.10.win32_1.0.0.202111181127/tools/bin/../lib/gcc/arm-none-eabi/10.3.1/../../../../arm-none-eabi/lib/thumb/v7-m/nofp\libc_nano.a(lib_a-memset.o)
                0x000000000800a970                memset
 .text.__sfputc_r
                0x000000000800a980       0x2a d:/app/stm32cubeide_1.10.1/stm32cubeide/plugins/com.st.stm32cube.ide.mcu.externaltools.gnu-tools-for-stm32.10.3-2021.10.win32_1.0.0.202111181127/tools/bin/../lib/gcc/arm-none-eabi/10.3.1/../../../../arm-none-eabi/lib/thumb/v7-m/nofp\libc_nano.a(lib_a-nano-vfprintf.o)
 .text.__sfputs_r
                0x000000000800a9aa       0x24 d:/app/stm32cubeide_1.10.1/stm32cubeide/plugins/com.st.stm32cube.ide.mcu.externaltools.gnu-tools-for-stm32.10.3-2021.10.win32_1.0.0.202111181127/tools/bin/../lib/gcc/arm-none-eabi/10.3.1/../../../../arm-none-eabi/lib/thumb/v7-m/nofp\libc_nano.a(lib_a-nano-vfprintf.o)
                0x000000000800a9aa                __sfputs_r
 *fill*         0x000000000800a9ce        0x2 
 .text._vfprintf_r
                0x000000000800a9d0      0x260 d:/app/stm32cubeide_1.10.1/stm32cubeide/plugins/com.st.stm32cube.ide.mcu.externaltools.gnu-tools-for-stm32.10.3-2021.10.win32_1.0.0.202111181127/tools/bin/../lib/gcc/arm-none-eabi/10.3.1/../../../../arm-none-eabi/lib/thumb/v7-m/nofp\libc_nano.a(lib_a-nano-vfprintf.o)
                0x000000000800a9d0                _vfprintf_r
                0x000000000800a9d0                _vfiprintf_r
 .text._printf_common
                0x000000000800ac30       0xde d:/app/stm32cubeide_1.10.1/stm32cubeide/plugins/com.st.stm32cube.ide.mcu.externaltools.gnu-tools-for-stm32.10.3-2021.10.win32_1.0.0.202111181127/tools/bin/../lib/gcc/arm-none-eabi/10.3.1/../../../../arm-none-eabi/lib/thumb/v7-m/nofp\libc_nano.a(lib_a-nano-vfprintf_i.o)
                0x000000000800ac30                _printf_common
 *fill*         0x000000000800ad0e        0x2 
 .text._printf_i
                0x000000000800ad10      0x24c d:/app/stm32cubeide_1.10.1/stm32cubeide/plugins/com.st.stm32cube.ide.mcu.externaltools.gnu-tools-for-stm32.10.3-2021.10.win32_1.0.0.202111181127/tools/bin/../lib/gcc/arm-none-eabi/10.3.1/../../../../arm-none-eabi/lib/thumb/v7-m/nofp\libc_nano.a(lib_a-nano-vfprintf_i.o)
                0x000000000800ad10                _printf_i
 .text.sprintf  0x000000000800af5c       0x40 d:/app/stm32cubeide_1.10.1/stm32cubeide/plugins/com.st.stm32cube.ide.mcu.externaltools.gnu-tools-for-stm32.10.3-2021.10.win32_1.0.0.202111181127/tools/bin/../lib/gcc/arm-none-eabi/10.3.1/../../../../arm-none-eabi/lib/thumb/v7-m/nofp\libc_nano.a(lib_a-sprintf.o)
                0x000000000800af5c                siprintf
                0x000000000800af5c                sprintf
 .text.__swbuf_r
                0x000000000800af9c       0xa4 d:/app/stm32cubeide_1.10.1/stm32cubeide/plugins/com.st.stm32cube.ide.mcu.externaltools.gnu-tools-for-stm32.10.3-2021.10.win32_1.0.0.202111181127/tools/bin/../lib/gcc/arm-none-eabi/10.3.1/../../../../arm-none-eabi/lib/thumb/v7-m/nofp\libc_nano.a(lib_a-wbuf.o)
                0x000000000800af9c                __swbuf_r
 .text.__swsetup_r
                0x000000000800b040       0xdc d:/app/stm32cubeide_1.10.1/stm32cubeide/plugins/com.st.stm32cube.ide.mcu.externaltools.gnu-tools-for-stm32.10.3-2021.10.win32_1.0.0.202111181127/tools/bin/../lib/gcc/arm-none-eabi/10.3.1/../../../../arm-none-eabi/lib/thumb/v7-m/nofp\libc_nano.a(lib_a-wsetup.o)
                0x000000000800b040                __swsetup_r
 .text.abort    0x000000000800b11c        0xe d:/app/stm32cubeide_1.10.1/stm32cubeide/plugins/com.st.stm32cube.ide.mcu.externaltools.gnu-tools-for-stm32.10.3-2021.10.win32_1.0.0.202111181127/tools/bin/../lib/gcc/arm-none-eabi/10.3.1/../../../../arm-none-eabi/lib/thumb/v7-m/nofp\libc_nano.a(lib_a-abort.o)
                0x000000000800b11c                abort
 *fill*         0x000000000800b12a        0x2 
 .text.__sflush_r
                0x000000000800b12c      0x104 d:/app/stm32cubeide_1.10.1/stm32cubeide/plugins/com.st.stm32cube.ide.mcu.externaltools.gnu-tools-for-stm32.10.3-2021.10.win32_1.0.0.202111181127/tools/bin/../lib/gcc/arm-none-eabi/10.3.1/../../../../arm-none-eabi/lib/thumb/v7-m/nofp\libc_nano.a(lib_a-fflush.o)
                0x000000000800b12c                __sflush_r
 .text._fflush_r
                0x000000000800b230       0x78 d:/app/stm32cubeide_1.10.1/stm32cubeide/plugins/com.st.stm32cube.ide.mcu.externaltools.gnu-tools-for-stm32.10.3-2021.10.win32_1.0.0.202111181127/tools/bin/../lib/gcc/arm-none-eabi/10.3.1/../../../../arm-none-eabi/lib/thumb/v7-m/nofp\libc_nano.a(lib_a-fflush.o)
                0x000000000800b230                _fflush_r
 .text.std      0x000000000800b2a8       0x48 d:/app/stm32cubeide_1.10.1/stm32cubeide/plugins/com.st.stm32cube.ide.mcu.externaltools.gnu-tools-for-stm32.10.3-2021.10.win32_1.0.0.202111181127/tools/bin/../lib/gcc/arm-none-eabi/10.3.1/../../../../arm-none-eabi/lib/thumb/v7-m/nofp\libc_nano.a(lib_a-findfp.o)
 .text._cleanup_r
                0x000000000800b2f0        0xc d:/app/stm32cubeide_1.10.1/stm32cubeide/plugins/com.st.stm32cube.ide.mcu.externaltools.gnu-tools-for-stm32.10.3-2021.10.win32_1.0.0.202111181127/tools/bin/../lib/gcc/arm-none-eabi/10.3.1/../../../../arm-none-eabi/lib/thumb/v7-m/nofp\libc_nano.a(lib_a-findfp.o)
                0x000000000800b2f0                _cleanup_r
 .text.__sfmoreglue
                0x000000000800b2fc       0x2c d:/app/stm32cubeide_1.10.1/stm32cubeide/plugins/com.st.stm32cube.ide.mcu.externaltools.gnu-tools-for-stm32.10.3-2021.10.win32_1.0.0.202111181127/tools/bin/../lib/gcc/arm-none-eabi/10.3.1/../../../../arm-none-eabi/lib/thumb/v7-m/nofp\libc_nano.a(lib_a-findfp.o)
                0x000000000800b2fc                __sfmoreglue
 .text.__sfp_lock_acquire
                0x000000000800b328        0xc d:/app/stm32cubeide_1.10.1/stm32cubeide/plugins/com.st.stm32cube.ide.mcu.externaltools.gnu-tools-for-stm32.10.3-2021.10.win32_1.0.0.202111181127/tools/bin/../lib/gcc/arm-none-eabi/10.3.1/../../../../arm-none-eabi/lib/thumb/v7-m/nofp\libc_nano.a(lib_a-findfp.o)
                0x000000000800b328                __sfp_lock_acquire
 .text.__sfp_lock_release
                0x000000000800b334        0xc d:/app/stm32cubeide_1.10.1/stm32cubeide/plugins/com.st.stm32cube.ide.mcu.externaltools.gnu-tools-for-stm32.10.3-2021.10.win32_1.0.0.202111181127/tools/bin/../lib/gcc/arm-none-eabi/10.3.1/../../../../arm-none-eabi/lib/thumb/v7-m/nofp\libc_nano.a(lib_a-findfp.o)
                0x000000000800b334                __sfp_lock_release
 .text.__sinit_lock_acquire
                0x000000000800b340        0xc d:/app/stm32cubeide_1.10.1/stm32cubeide/plugins/com.st.stm32cube.ide.mcu.externaltools.gnu-tools-for-stm32.10.3-2021.10.win32_1.0.0.202111181127/tools/bin/../lib/gcc/arm-none-eabi/10.3.1/../../../../arm-none-eabi/lib/thumb/v7-m/nofp\libc_nano.a(lib_a-findfp.o)
                0x000000000800b340                __sinit_lock_acquire
 .text.__sinit_lock_release
                0x000000000800b34c        0xc d:/app/stm32cubeide_1.10.1/stm32cubeide/plugins/com.st.stm32cube.ide.mcu.externaltools.gnu-tools-for-stm32.10.3-2021.10.win32_1.0.0.202111181127/tools/bin/../lib/gcc/arm-none-eabi/10.3.1/../../../../arm-none-eabi/lib/thumb/v7-m/nofp\libc_nano.a(lib_a-findfp.o)
                0x000000000800b34c                __sinit_lock_release
 .text.__sinit  0x000000000800b358       0x70 d:/app/stm32cubeide_1.10.1/stm32cubeide/plugins/com.st.stm32cube.ide.mcu.externaltools.gnu-tools-for-stm32.10.3-2021.10.win32_1.0.0.202111181127/tools/bin/../lib/gcc/arm-none-eabi/10.3.1/../../../../arm-none-eabi/lib/thumb/v7-m/nofp\libc_nano.a(lib_a-findfp.o)
                0x000000000800b358                __sinit
 .text.__sfp    0x000000000800b3c8       0x8c d:/app/stm32cubeide_1.10.1/stm32cubeide/plugins/com.st.stm32cube.ide.mcu.externaltools.gnu-tools-for-stm32.10.3-2021.10.win32_1.0.0.202111181127/tools/bin/../lib/gcc/arm-none-eabi/10.3.1/../../../../arm-none-eabi/lib/thumb/v7-m/nofp\libc_nano.a(lib_a-findfp.o)
                0x000000000800b3c8                __sfp
 .text._fwalk_reent
                0x000000000800b454       0x3e d:/app/stm32cubeide_1.10.1/stm32cubeide/plugins/com.st.stm32cube.ide.mcu.externaltools.gnu-tools-for-stm32.10.3-2021.10.win32_1.0.0.202111181127/tools/bin/../lib/gcc/arm-none-eabi/10.3.1/../../../../arm-none-eabi/lib/thumb/v7-m/nofp\libc_nano.a(lib_a-fwalk.o)
                0x000000000800b454                _fwalk_reent
 .text.__retarget_lock_init_recursive
                0x000000000800b492        0x2 d:/app/stm32cubeide_1.10.1/stm32cubeide/plugins/com.st.stm32cube.ide.mcu.externaltools.gnu-tools-for-stm32.10.3-2021.10.win32_1.0.0.202111181127/tools/bin/../lib/gcc/arm-none-eabi/10.3.1/../../../../arm-none-eabi/lib/thumb/v7-m/nofp\libc_nano.a(lib_a-lock.o)
                0x000000000800b492                __retarget_lock_init_recursive
 .text.__retarget_lock_acquire_recursive
                0x000000000800b494        0x2 d:/app/stm32cubeide_1.10.1/stm32cubeide/plugins/com.st.stm32cube.ide.mcu.externaltools.gnu-tools-for-stm32.10.3-2021.10.win32_1.0.0.202111181127/tools/bin/../lib/gcc/arm-none-eabi/10.3.1/../../../../arm-none-eabi/lib/thumb/v7-m/nofp\libc_nano.a(lib_a-lock.o)
                0x000000000800b494                __retarget_lock_acquire_recursive
 .text.__retarget_lock_release_recursive
                0x000000000800b496        0x2 d:/app/stm32cubeide_1.10.1/stm32cubeide/plugins/com.st.stm32cube.ide.mcu.externaltools.gnu-tools-for-stm32.10.3-2021.10.win32_1.0.0.202111181127/tools/bin/../lib/gcc/arm-none-eabi/10.3.1/../../../../arm-none-eabi/lib/thumb/v7-m/nofp\libc_nano.a(lib_a-lock.o)
                0x000000000800b496                __retarget_lock_release_recursive
 .text.__swhatbuf_r
                0x000000000800b498       0x4a d:/app/stm32cubeide_1.10.1/stm32cubeide/plugins/com.st.stm32cube.ide.mcu.externaltools.gnu-tools-for-stm32.10.3-2021.10.win32_1.0.0.202111181127/tools/bin/../lib/gcc/arm-none-eabi/10.3.1/../../../../arm-none-eabi/lib/thumb/v7-m/nofp\libc_nano.a(lib_a-makebuf.o)
                0x000000000800b498                __swhatbuf_r
 *fill*         0x000000000800b4e2        0x2 
 .text.__smakebuf_r
                0x000000000800b4e4       0x80 d:/app/stm32cubeide_1.10.1/stm32cubeide/plugins/com.st.stm32cube.ide.mcu.externaltools.gnu-tools-for-stm32.10.3-2021.10.win32_1.0.0.202111181127/tools/bin/../lib/gcc/arm-none-eabi/10.3.1/../../../../arm-none-eabi/lib/thumb/v7-m/nofp\libc_nano.a(lib_a-makebuf.o)
                0x000000000800b4e4                __smakebuf_r
 .text.memchr   0x000000000800b564       0x1c d:/app/stm32cubeide_1.10.1/stm32cubeide/plugins/com.st.stm32cube.ide.mcu.externaltools.gnu-tools-for-stm32.10.3-2021.10.win32_1.0.0.202111181127/tools/bin/../lib/gcc/arm-none-eabi/10.3.1/../../../../arm-none-eabi/lib/thumb/v7-m/nofp\libc_nano.a(lib_a-memchr-stub.o)
                0x000000000800b564                memchr
 .text.memmove  0x000000000800b580       0x34 d:/app/stm32cubeide_1.10.1/stm32cubeide/plugins/com.st.stm32cube.ide.mcu.externaltools.gnu-tools-for-stm32.10.3-2021.10.win32_1.0.0.202111181127/tools/bin/../lib/gcc/arm-none-eabi/10.3.1/../../../../arm-none-eabi/lib/thumb/v7-m/nofp\libc_nano.a(lib_a-memmove.o)
                0x000000000800b580                memmove
 .text._free_r  0x000000000800b5b4       0x90 d:/app/stm32cubeide_1.10.1/stm32cubeide/plugins/com.st.stm32cube.ide.mcu.externaltools.gnu-tools-for-stm32.10.3-2021.10.win32_1.0.0.202111181127/tools/bin/../lib/gcc/arm-none-eabi/10.3.1/../../../../arm-none-eabi/lib/thumb/v7-m/nofp\libc_nano.a(lib_a-nano-freer.o)
                0x000000000800b5b4                _free_r
 .text.sbrk_aligned
                0x000000000800b644       0x40 d:/app/stm32cubeide_1.10.1/stm32cubeide/plugins/com.st.stm32cube.ide.mcu.externaltools.gnu-tools-for-stm32.10.3-2021.10.win32_1.0.0.202111181127/tools/bin/../lib/gcc/arm-none-eabi/10.3.1/../../../../arm-none-eabi/lib/thumb/v7-m/nofp\libc_nano.a(lib_a-nano-mallocr.o)
 .text._malloc_r
                0x000000000800b684       0xe8 d:/app/stm32cubeide_1.10.1/stm32cubeide/plugins/com.st.stm32cube.ide.mcu.externaltools.gnu-tools-for-stm32.10.3-2021.10.win32_1.0.0.202111181127/tools/bin/../lib/gcc/arm-none-eabi/10.3.1/../../../../arm-none-eabi/lib/thumb/v7-m/nofp\libc_nano.a(lib_a-nano-mallocr.o)
                0x000000000800b684                _malloc_r
 .text._realloc_r
                0x000000000800b76c       0x5e d:/app/stm32cubeide_1.10.1/stm32cubeide/plugins/com.st.stm32cube.ide.mcu.externaltools.gnu-tools-for-stm32.10.3-2021.10.win32_1.0.0.202111181127/tools/bin/../lib/gcc/arm-none-eabi/10.3.1/../../../../arm-none-eabi/lib/thumb/v7-m/nofp\libc_nano.a(lib_a-nano-reallocr.o)
                0x000000000800b76c                _realloc_r
 .text.__ssputs_r
                0x000000000800b7ca       0xb6 d:/app/stm32cubeide_1.10.1/stm32cubeide/plugins/com.st.stm32cube.ide.mcu.externaltools.gnu-tools-for-stm32.10.3-2021.10.win32_1.0.0.202111181127/tools/bin/../lib/gcc/arm-none-eabi/10.3.1/../../../../arm-none-eabi/lib/thumb/v7-m/nofp\libc_nano.a(lib_a-nano-svfprintf.o)
                0x000000000800b7ca                __ssputs_r
 .text._svfprintf_r
                0x000000000800b880      0x200 d:/app/stm32cubeide_1.10.1/stm32cubeide/plugins/com.st.stm32cube.ide.mcu.externaltools.gnu-tools-for-stm32.10.3-2021.10.win32_1.0.0.202111181127/tools/bin/../lib/gcc/arm-none-eabi/10.3.1/../../../../arm-none-eabi/lib/thumb/v7-m/nofp\libc_nano.a(lib_a-nano-svfprintf.o)
                0x000000000800b880                _svfiprintf_r
                0x000000000800b880                _svfprintf_r
 .text._sbrk_r  0x000000000800ba80       0x20 d:/app/stm32cubeide_1.10.1/stm32cubeide/plugins/com.st.stm32cube.ide.mcu.externaltools.gnu-tools-for-stm32.10.3-2021.10.win32_1.0.0.202111181127/tools/bin/../lib/gcc/arm-none-eabi/10.3.1/../../../../arm-none-eabi/lib/thumb/v7-m/nofp\libc_nano.a(lib_a-sbrkr.o)
                0x000000000800ba80                _sbrk_r
 .text._raise_r
                0x000000000800baa0       0x50 d:/app/stm32cubeide_1.10.1/stm32cubeide/plugins/com.st.stm32cube.ide.mcu.externaltools.gnu-tools-for-stm32.10.3-2021.10.win32_1.0.0.202111181127/tools/bin/../lib/gcc/arm-none-eabi/10.3.1/../../../../arm-none-eabi/lib/thumb/v7-m/nofp\libc_nano.a(lib_a-signal.o)
                0x000000000800baa0                _raise_r
 .text.raise    0x000000000800baf0       0x10 d:/app/stm32cubeide_1.10.1/stm32cubeide/plugins/com.st.stm32cube.ide.mcu.externaltools.gnu-tools-for-stm32.10.3-2021.10.win32_1.0.0.202111181127/tools/bin/../lib/gcc/arm-none-eabi/10.3.1/../../../../arm-none-eabi/lib/thumb/v7-m/nofp\libc_nano.a(lib_a-signal.o)
                0x000000000800baf0                raise
 .text._kill_r  0x000000000800bb00       0x24 d:/app/stm32cubeide_1.10.1/stm32cubeide/plugins/com.st.stm32cube.ide.mcu.externaltools.gnu-tools-for-stm32.10.3-2021.10.win32_1.0.0.202111181127/tools/bin/../lib/gcc/arm-none-eabi/10.3.1/../../../../arm-none-eabi/lib/thumb/v7-m/nofp\libc_nano.a(lib_a-signalr.o)
                0x000000000800bb00                _kill_r
 .text._getpid_r
                0x000000000800bb24        0x4 d:/app/stm32cubeide_1.10.1/stm32cubeide/plugins/com.st.stm32cube.ide.mcu.externaltools.gnu-tools-for-stm32.10.3-2021.10.win32_1.0.0.202111181127/tools/bin/../lib/gcc/arm-none-eabi/10.3.1/../../../../arm-none-eabi/lib/thumb/v7-m/nofp\libc_nano.a(lib_a-signalr.o)
                0x000000000800bb24                _getpid_r
 .text.__sread  0x000000000800bb28       0x22 d:/app/stm32cubeide_1.10.1/stm32cubeide/plugins/com.st.stm32cube.ide.mcu.externaltools.gnu-tools-for-stm32.10.3-2021.10.win32_1.0.0.202111181127/tools/bin/../lib/gcc/arm-none-eabi/10.3.1/../../../../arm-none-eabi/lib/thumb/v7-m/nofp\libc_nano.a(lib_a-stdio.o)
                0x000000000800bb28                __sread
 .text.__swrite
                0x000000000800bb4a       0x38 d:/app/stm32cubeide_1.10.1/stm32cubeide/plugins/com.st.stm32cube.ide.mcu.externaltools.gnu-tools-for-stm32.10.3-2021.10.win32_1.0.0.202111181127/tools/bin/../lib/gcc/arm-none-eabi/10.3.1/../../../../arm-none-eabi/lib/thumb/v7-m/nofp\libc_nano.a(lib_a-stdio.o)
                0x000000000800bb4a                __swrite
 .text.__sseek  0x000000000800bb82       0x24 d:/app/stm32cubeide_1.10.1/stm32cubeide/plugins/com.st.stm32cube.ide.mcu.externaltools.gnu-tools-for-stm32.10.3-2021.10.win32_1.0.0.202111181127/tools/bin/../lib/gcc/arm-none-eabi/10.3.1/../../../../arm-none-eabi/lib/thumb/v7-m/nofp\libc_nano.a(lib_a-stdio.o)
                0x000000000800bb82                __sseek
 .text.__sclose
                0x000000000800bba6        0x8 d:/app/stm32cubeide_1.10.1/stm32cubeide/plugins/com.st.stm32cube.ide.mcu.externaltools.gnu-tools-for-stm32.10.3-2021.10.win32_1.0.0.202111181127/tools/bin/../lib/gcc/arm-none-eabi/10.3.1/../../../../arm-none-eabi/lib/thumb/v7-m/nofp\libc_nano.a(lib_a-stdio.o)
                0x000000000800bba6                __sclose
 *fill*         0x000000000800bbae        0x2 
 .text._write_r
                0x000000000800bbb0       0x24 d:/app/stm32cubeide_1.10.1/stm32cubeide/plugins/com.st.stm32cube.ide.mcu.externaltools.gnu-tools-for-stm32.10.3-2021.10.win32_1.0.0.202111181127/tools/bin/../lib/gcc/arm-none-eabi/10.3.1/../../../../arm-none-eabi/lib/thumb/v7-m/nofp\libc_nano.a(lib_a-writer.o)
                0x000000000800bbb0                _write_r
 .text._close_r
                0x000000000800bbd4       0x20 d:/app/stm32cubeide_1.10.1/stm32cubeide/plugins/com.st.stm32cube.ide.mcu.externaltools.gnu-tools-for-stm32.10.3-2021.10.win32_1.0.0.202111181127/tools/bin/../lib/gcc/arm-none-eabi/10.3.1/../../../../arm-none-eabi/lib/thumb/v7-m/nofp\libc_nano.a(lib_a-closer.o)
                0x000000000800bbd4                _close_r
 .text._fstat_r
                0x000000000800bbf4       0x24 d:/app/stm32cubeide_1.10.1/stm32cubeide/plugins/com.st.stm32cube.ide.mcu.externaltools.gnu-tools-for-stm32.10.3-2021.10.win32_1.0.0.202111181127/tools/bin/../lib/gcc/arm-none-eabi/10.3.1/../../../../arm-none-eabi/lib/thumb/v7-m/nofp\libc_nano.a(lib_a-fstatr.o)
                0x000000000800bbf4                _fstat_r
 .text._isatty_r
                0x000000000800bc18       0x20 d:/app/stm32cubeide_1.10.1/stm32cubeide/plugins/com.st.stm32cube.ide.mcu.externaltools.gnu-tools-for-stm32.10.3-2021.10.win32_1.0.0.202111181127/tools/bin/../lib/gcc/arm-none-eabi/10.3.1/../../../../arm-none-eabi/lib/thumb/v7-m/nofp\libc_nano.a(lib_a-isattyr.o)
                0x000000000800bc18                _isatty_r
 .text._lseek_r
                0x000000000800bc38       0x24 d:/app/stm32cubeide_1.10.1/stm32cubeide/plugins/com.st.stm32cube.ide.mcu.externaltools.gnu-tools-for-stm32.10.3-2021.10.win32_1.0.0.202111181127/tools/bin/../lib/gcc/arm-none-eabi/10.3.1/../../../../arm-none-eabi/lib/thumb/v7-m/nofp\libc_nano.a(lib_a-lseekr.o)
                0x000000000800bc38                _lseek_r
 .text.__malloc_lock
                0x000000000800bc5c        0xc d:/app/stm32cubeide_1.10.1/stm32cubeide/plugins/com.st.stm32cube.ide.mcu.externaltools.gnu-tools-for-stm32.10.3-2021.10.win32_1.0.0.202111181127/tools/bin/../lib/gcc/arm-none-eabi/10.3.1/../../../../arm-none-eabi/lib/thumb/v7-m/nofp\libc_nano.a(lib_a-mlock.o)
                0x000000000800bc5c                __malloc_lock
 .text.__malloc_unlock
                0x000000000800bc68        0xc d:/app/stm32cubeide_1.10.1/stm32cubeide/plugins/com.st.stm32cube.ide.mcu.externaltools.gnu-tools-for-stm32.10.3-2021.10.win32_1.0.0.202111181127/tools/bin/../lib/gcc/arm-none-eabi/10.3.1/../../../../arm-none-eabi/lib/thumb/v7-m/nofp\libc_nano.a(lib_a-mlock.o)
                0x000000000800bc68                __malloc_unlock
 .text._malloc_usable_size_r
                0x000000000800bc74       0x10 d:/app/stm32cubeide_1.10.1/stm32cubeide/plugins/com.st.stm32cube.ide.mcu.externaltools.gnu-tools-for-stm32.10.3-2021.10.win32_1.0.0.202111181127/tools/bin/../lib/gcc/arm-none-eabi/10.3.1/../../../../arm-none-eabi/lib/thumb/v7-m/nofp\libc_nano.a(lib_a-nano-msizer.o)
                0x000000000800bc74                _malloc_usable_size_r
 .text._read_r  0x000000000800bc84       0x24 d:/app/stm32cubeide_1.10.1/stm32cubeide/plugins/com.st.stm32cube.ide.mcu.externaltools.gnu-tools-for-stm32.10.3-2021.10.win32_1.0.0.202111181127/tools/bin/../lib/gcc/arm-none-eabi/10.3.1/../../../../arm-none-eabi/lib/thumb/v7-m/nofp\libc_nano.a(lib_a-readr.o)
                0x000000000800bc84                _read_r
 .text.atan     0x000000000800bca8      0x314 d:/app/stm32cubeide_1.10.1/stm32cubeide/plugins/com.st.stm32cube.ide.mcu.externaltools.gnu-tools-for-stm32.10.3-2021.10.win32_1.0.0.202111181127/tools/bin/../lib/gcc/arm-none-eabi/10.3.1/../../../../arm-none-eabi/lib/thumb/v7-m/nofp\libm.a(lib_a-s_atan.o)
                0x000000000800bca8                atan
 .text.cos      0x000000000800bfbc       0x8c d:/app/stm32cubeide_1.10.1/stm32cubeide/plugins/com.st.stm32cube.ide.mcu.externaltools.gnu-tools-for-stm32.10.3-2021.10.win32_1.0.0.202111181127/tools/bin/../lib/gcc/arm-none-eabi/10.3.1/../../../../arm-none-eabi/lib/thumb/v7-m/nofp\libm.a(lib_a-s_cos.o)
                0x000000000800bfbc                cos
 .text.fabs     0x000000000800c048        0x6 d:/app/stm32cubeide_1.10.1/stm32cubeide/plugins/com.st.stm32cube.ide.mcu.externaltools.gnu-tools-for-stm32.10.3-2021.10.win32_1.0.0.202111181127/tools/bin/../lib/gcc/arm-none-eabi/10.3.1/../../../../arm-none-eabi/lib/thumb/v7-m/nofp\libm.a(lib_a-s_fabs.o)
                0x000000000800c048                fabs
 *fill*         0x000000000800c04e        0x2 
 .text.sin      0x000000000800c050       0x8c d:/app/stm32cubeide_1.10.1/stm32cubeide/plugins/com.st.stm32cube.ide.mcu.externaltools.gnu-tools-for-stm32.10.3-2021.10.win32_1.0.0.202111181127/tools/bin/../lib/gcc/arm-none-eabi/10.3.1/../../../../arm-none-eabi/lib/thumb/v7-m/nofp\libm.a(lib_a-s_sin.o)
                0x000000000800c050                sin
 .text.roundf   0x000000000800c0dc       0x4c d:/app/stm32cubeide_1.10.1/stm32cubeide/plugins/com.st.stm32cube.ide.mcu.externaltools.gnu-tools-for-stm32.10.3-2021.10.win32_1.0.0.202111181127/tools/bin/../lib/gcc/arm-none-eabi/10.3.1/../../../../arm-none-eabi/lib/thumb/v7-m/nofp\libm.a(lib_a-sf_round.o)
                0x000000000800c0dc                roundf
 .text.__ieee754_rem_pio2
                0x000000000800c128      0x3f0 d:/app/stm32cubeide_1.10.1/stm32cubeide/plugins/com.st.stm32cube.ide.mcu.externaltools.gnu-tools-for-stm32.10.3-2021.10.win32_1.0.0.202111181127/tools/bin/../lib/gcc/arm-none-eabi/10.3.1/../../../../arm-none-eabi/lib/thumb/v7-m/nofp\libm.a(lib_a-e_rem_pio2.o)
                0x000000000800c128                __ieee754_rem_pio2
 .text.__kernel_cos
                0x000000000800c518      0x17c d:/app/stm32cubeide_1.10.1/stm32cubeide/plugins/com.st.stm32cube.ide.mcu.externaltools.gnu-tools-for-stm32.10.3-2021.10.win32_1.0.0.202111181127/tools/bin/../lib/gcc/arm-none-eabi/10.3.1/../../../../arm-none-eabi/lib/thumb/v7-m/nofp\libm.a(lib_a-k_cos.o)
                0x000000000800c518                __kernel_cos
 .text.__kernel_rem_pio2
                0x000000000800c694      0x684 d:/app/stm32cubeide_1.10.1/stm32cubeide/plugins/com.st.stm32cube.ide.mcu.externaltools.gnu-tools-for-stm32.10.3-2021.10.win32_1.0.0.202111181127/tools/bin/../lib/gcc/arm-none-eabi/10.3.1/../../../../arm-none-eabi/lib/thumb/v7-m/nofp\libm.a(lib_a-k_rem_pio2.o)
                0x000000000800c694                __kernel_rem_pio2
 .text.__kernel_sin
                0x000000000800cd18      0x16c d:/app/stm32cubeide_1.10.1/stm32cubeide/plugins/com.st.stm32cube.ide.mcu.externaltools.gnu-tools-for-stm32.10.3-2021.10.win32_1.0.0.202111181127/tools/bin/../lib/gcc/arm-none-eabi/10.3.1/../../../../arm-none-eabi/lib/thumb/v7-m/nofp\libm.a(lib_a-k_sin.o)
                0x000000000800cd18                __kernel_sin
 *fill*         0x000000000800ce84        0x4 
 .text.floor    0x000000000800ce88      0x100 d:/app/stm32cubeide_1.10.1/stm32cubeide/plugins/com.st.stm32cube.ide.mcu.externaltools.gnu-tools-for-stm32.10.3-2021.10.win32_1.0.0.202111181127/tools/bin/../lib/gcc/arm-none-eabi/10.3.1/../../../../arm-none-eabi/lib/thumb/v7-m/nofp\libm.a(lib_a-s_floor.o)
                0x000000000800ce88                floor
 .text.scalbn   0x000000000800cf88       0xfc d:/app/stm32cubeide_1.10.1/stm32cubeide/plugins/com.st.stm32cube.ide.mcu.externaltools.gnu-tools-for-stm32.10.3-2021.10.win32_1.0.0.202111181127/tools/bin/../lib/gcc/arm-none-eabi/10.3.1/../../../../arm-none-eabi/lib/thumb/v7-m/nofp\libm.a(lib_a-s_scalbn.o)
                0x000000000800cf88                scalbn
 *(.glue_7)
 .glue_7        0x000000000800d084        0x0 linker stubs
 *(.glue_7t)
 .glue_7t       0x000000000800d084        0x0 linker stubs
 *(.eh_frame)
 .eh_frame      0x000000000800d084        0x0 d:/app/stm32cubeide_1.10.1/stm32cubeide/plugins/com.st.stm32cube.ide.mcu.externaltools.gnu-tools-for-stm32.10.3-2021.10.win32_1.0.0.202111181127/tools/bin/../lib/gcc/arm-none-eabi/10.3.1/thumb/v7-m/nofp/crtbegin.o
 *(.init)
 .init          0x000000000800d084        0x4 d:/app/stm32cubeide_1.10.1/stm32cubeide/plugins/com.st.stm32cube.ide.mcu.externaltools.gnu-tools-for-stm32.10.3-2021.10.win32_1.0.0.202111181127/tools/bin/../lib/gcc/arm-none-eabi/10.3.1/thumb/v7-m/nofp/crti.o
                0x000000000800d084                _init
 .init          0x000000000800d088        0x8 d:/app/stm32cubeide_1.10.1/stm32cubeide/plugins/com.st.stm32cube.ide.mcu.externaltools.gnu-tools-for-stm32.10.3-2021.10.win32_1.0.0.202111181127/tools/bin/../lib/gcc/arm-none-eabi/10.3.1/thumb/v7-m/nofp/crtn.o
 *(.fini)
 .fini          0x000000000800d090        0x4 d:/app/stm32cubeide_1.10.1/stm32cubeide/plugins/com.st.stm32cube.ide.mcu.externaltools.gnu-tools-for-stm32.10.3-2021.10.win32_1.0.0.202111181127/tools/bin/../lib/gcc/arm-none-eabi/10.3.1/thumb/v7-m/nofp/crti.o
                0x000000000800d090                _fini
 .fini          0x000000000800d094        0x8 d:/app/stm32cubeide_1.10.1/stm32cubeide/plugins/com.st.stm32cube.ide.mcu.externaltools.gnu-tools-for-stm32.10.3-2021.10.win32_1.0.0.202111181127/tools/bin/../lib/gcc/arm-none-eabi/10.3.1/thumb/v7-m/nofp/crtn.o
                0x000000000800d09c                . = ALIGN (0x4)
                0x000000000800d09c                _etext = .

.vfp11_veneer   0x000000000800d09c        0x0
 .vfp11_veneer  0x000000000800d09c        0x0 linker stubs

.v4_bx          0x000000000800d09c        0x0
 .v4_bx         0x000000000800d09c        0x0 linker stubs

.iplt           0x000000000800d09c        0x0
 .iplt          0x000000000800d09c        0x0 d:/app/stm32cubeide_1.10.1/stm32cubeide/plugins/com.st.stm32cube.ide.mcu.externaltools.gnu-tools-for-stm32.10.3-2021.10.win32_1.0.0.202111181127/tools/bin/../lib/gcc/arm-none-eabi/10.3.1/thumb/v7-m/nofp/crtbegin.o

.rodata         0x000000000800d0a0      0x9b0
                0x000000000800d0a0                . = ALIGN (0x4)
 *(.rodata)
 .rodata        0x000000000800d0a0       0x4f ./Core/Src/huansic_motorlib.o
 *fill*         0x000000000800d0ef        0x1 
 .rodata        0x000000000800d0f0        0x5 ./Core/Src/huansic_xblib.o
 *fill*         0x000000000800d0f5        0x3 
 .rodata        0x000000000800d0f8       0x3d ./Core/Src/main.o
 *fill*         0x000000000800d135        0x3 
 .rodata        0x000000000800d138       0x10 ./Drivers/STM32F1xx_HAL_Driver/Src/stm32f1xx_hal_rcc.o
 *(.rodata*)
 .rodata.__func__.0
                0x000000000800d148       0x13 ./Core/Src/huansic_motorlib.o
 *fill*         0x000000000800d15b        0x1 
 .rodata.Font6x8
                0x000000000800d15c      0x5f0 ./Core/Src/ssd1306_fonts.o
 .rodata.AHBPrescTable
                0x000000000800d74c       0x10 ./Core/Src/system_stm32f1xx.o
                0x000000000800d74c                AHBPrescTable
 .rodata.APBPrescTable
                0x000000000800d75c        0x8 ./Core/Src/system_stm32f1xx.o
                0x000000000800d75c                APBPrescTable
 .rodata.__assert_func.str1.1
                0x000000000800d764       0x3c d:/app/stm32cubeide_1.10.1/stm32cubeide/plugins/com.st.stm32cube.ide.mcu.externaltools.gnu-tools-for-stm32.10.3-2021.10.win32_1.0.0.202111181127/tools/bin/../lib/gcc/arm-none-eabi/10.3.1/../../../../arm-none-eabi/lib/thumb/v7-m/nofp\libc_nano.a(lib_a-assert.o)
                                         0x3d (size before relaxing)
 .rodata._global_impure_ptr
                0x000000000800d7a0        0x4 d:/app/stm32cubeide_1.10.1/stm32cubeide/plugins/com.st.stm32cube.ide.mcu.externaltools.gnu-tools-for-stm32.10.3-2021.10.win32_1.0.0.202111181127/tools/bin/../lib/gcc/arm-none-eabi/10.3.1/../../../../arm-none-eabi/lib/thumb/v7-m/nofp\libc_nano.a(lib_a-impure.o)
                0x000000000800d7a0                _global_impure_ptr
 .rodata._vfprintf_r.str1.1
                0x000000000800d7a4       0x11 d:/app/stm32cubeide_1.10.1/stm32cubeide/plugins/com.st.stm32cube.ide.mcu.externaltools.gnu-tools-for-stm32.10.3-2021.10.win32_1.0.0.202111181127/tools/bin/../lib/gcc/arm-none-eabi/10.3.1/../../../../arm-none-eabi/lib/thumb/v7-m/nofp\libc_nano.a(lib_a-nano-vfprintf.o)
 .rodata._printf_i.str1.1
                0x000000000800d7b5       0x22 d:/app/stm32cubeide_1.10.1/stm32cubeide/plugins/com.st.stm32cube.ide.mcu.externaltools.gnu-tools-for-stm32.10.3-2021.10.win32_1.0.0.202111181127/tools/bin/../lib/gcc/arm-none-eabi/10.3.1/../../../../arm-none-eabi/lib/thumb/v7-m/nofp\libc_nano.a(lib_a-nano-vfprintf_i.o)
 *fill*         0x000000000800d7d7        0x1 
 .rodata.__sf_fake_stderr
                0x000000000800d7d8       0x20 d:/app/stm32cubeide_1.10.1/stm32cubeide/plugins/com.st.stm32cube.ide.mcu.externaltools.gnu-tools-for-stm32.10.3-2021.10.win32_1.0.0.202111181127/tools/bin/../lib/gcc/arm-none-eabi/10.3.1/../../../../arm-none-eabi/lib/thumb/v7-m/nofp\libc_nano.a(lib_a-findfp.o)
                0x000000000800d7d8                __sf_fake_stderr
 .rodata.__sf_fake_stdin
                0x000000000800d7f8       0x20 d:/app/stm32cubeide_1.10.1/stm32cubeide/plugins/com.st.stm32cube.ide.mcu.externaltools.gnu-tools-for-stm32.10.3-2021.10.win32_1.0.0.202111181127/tools/bin/../lib/gcc/arm-none-eabi/10.3.1/../../../../arm-none-eabi/lib/thumb/v7-m/nofp\libc_nano.a(lib_a-findfp.o)
                0x000000000800d7f8                __sf_fake_stdin
 .rodata.__sf_fake_stdout
                0x000000000800d818       0x20 d:/app/stm32cubeide_1.10.1/stm32cubeide/plugins/com.st.stm32cube.ide.mcu.externaltools.gnu-tools-for-stm32.10.3-2021.10.win32_1.0.0.202111181127/tools/bin/../lib/gcc/arm-none-eabi/10.3.1/../../../../arm-none-eabi/lib/thumb/v7-m/nofp\libc_nano.a(lib_a-findfp.o)
                0x000000000800d818                __sf_fake_stdout
 .rodata._svfprintf_r.str1.1
                0x000000000800d838       0x11 d:/app/stm32cubeide_1.10.1/stm32cubeide/plugins/com.st.stm32cube.ide.mcu.externaltools.gnu-tools-for-stm32.10.3-2021.10.win32_1.0.0.202111181127/tools/bin/../lib/gcc/arm-none-eabi/10.3.1/../../../../arm-none-eabi/lib/thumb/v7-m/nofp\libc_nano.a(lib_a-nano-svfprintf.o)
 .rodata.atanhi
                0x000000000800d838       0x20 d:/app/stm32cubeide_1.10.1/stm32cubeide/plugins/com.st.stm32cube.ide.mcu.externaltools.gnu-tools-for-stm32.10.3-2021.10.win32_1.0.0.202111181127/tools/bin/../lib/gcc/arm-none-eabi/10.3.1/../../../../arm-none-eabi/lib/thumb/v7-m/nofp\libm.a(lib_a-s_atan.o)
 .rodata.atanlo
                0x000000000800d858       0x20 d:/app/stm32cubeide_1.10.1/stm32cubeide/plugins/com.st.stm32cube.ide.mcu.externaltools.gnu-tools-for-stm32.10.3-2021.10.win32_1.0.0.202111181127/tools/bin/../lib/gcc/arm-none-eabi/10.3.1/../../../../arm-none-eabi/lib/thumb/v7-m/nofp\libm.a(lib_a-s_atan.o)
 .rodata.npio2_hw
                0x000000000800d878       0x80 d:/app/stm32cubeide_1.10.1/stm32cubeide/plugins/com.st.stm32cube.ide.mcu.externaltools.gnu-tools-for-stm32.10.3-2021.10.win32_1.0.0.202111181127/tools/bin/../lib/gcc/arm-none-eabi/10.3.1/../../../../arm-none-eabi/lib/thumb/v7-m/nofp\libm.a(lib_a-e_rem_pio2.o)
 .rodata.two_over_pi
                0x000000000800d8f8      0x108 d:/app/stm32cubeide_1.10.1/stm32cubeide/plugins/com.st.stm32cube.ide.mcu.externaltools.gnu-tools-for-stm32.10.3-2021.10.win32_1.0.0.202111181127/tools/bin/../lib/gcc/arm-none-eabi/10.3.1/../../../../arm-none-eabi/lib/thumb/v7-m/nofp\libm.a(lib_a-e_rem_pio2.o)
 .rodata.PIo2   0x000000000800da00       0x40 d:/app/stm32cubeide_1.10.1/stm32cubeide/plugins/com.st.stm32cube.ide.mcu.externaltools.gnu-tools-for-stm32.10.3-2021.10.win32_1.0.0.202111181127/tools/bin/../lib/gcc/arm-none-eabi/10.3.1/../../../../arm-none-eabi/lib/thumb/v7-m/nofp\libm.a(lib_a-k_rem_pio2.o)
 .rodata.init_jk
                0x000000000800da40       0x10 d:/app/stm32cubeide_1.10.1/stm32cubeide/plugins/com.st.stm32cube.ide.mcu.externaltools.gnu-tools-for-stm32.10.3-2021.10.win32_1.0.0.202111181127/tools/bin/../lib/gcc/arm-none-eabi/10.3.1/../../../../arm-none-eabi/lib/thumb/v7-m/nofp\libm.a(lib_a-k_rem_pio2.o)
                0x000000000800da50                . = ALIGN (0x4)

.rel.dyn        0x000000000800da50        0x0
 .rel.iplt      0x000000000800da50        0x0 d:/app/stm32cubeide_1.10.1/stm32cubeide/plugins/com.st.stm32cube.ide.mcu.externaltools.gnu-tools-for-stm32.10.3-2021.10.win32_1.0.0.202111181127/tools/bin/../lib/gcc/arm-none-eabi/10.3.1/thumb/v7-m/nofp/crtbegin.o

.ARM.extab      0x000000000800da50        0x0
                0x000000000800da50                . = ALIGN (0x4)
 *(.ARM.extab* .gnu.linkonce.armextab.*)
                0x000000000800da50                . = ALIGN (0x4)

.ARM            0x000000000800da50        0x0
                0x000000000800da50                . = ALIGN (0x4)
                0x000000000800da50                __exidx_start = .
 *(.ARM.exidx*)
                0x000000000800da50                __exidx_end = .
                0x000000000800da50                . = ALIGN (0x4)

.preinit_array  0x000000000800da50        0x0
                0x000000000800da50                . = ALIGN (0x4)
                0x000000000800da50                PROVIDE (__preinit_array_start = .)
 *(.preinit_array*)
                0x000000000800da50                PROVIDE (__preinit_array_end = .)
                0x000000000800da50                . = ALIGN (0x4)

.init_array     0x000000000800da50        0x4
                0x000000000800da50                . = ALIGN (0x4)
                0x000000000800da50                PROVIDE (__init_array_start = .)
 *(SORT_BY_NAME(.init_array.*))
 *(.init_array*)
 .init_array    0x000000000800da50        0x4 d:/app/stm32cubeide_1.10.1/stm32cubeide/plugins/com.st.stm32cube.ide.mcu.externaltools.gnu-tools-for-stm32.10.3-2021.10.win32_1.0.0.202111181127/tools/bin/../lib/gcc/arm-none-eabi/10.3.1/thumb/v7-m/nofp/crtbegin.o
                0x000000000800da54                PROVIDE (__init_array_end = .)
                0x000000000800da54                . = ALIGN (0x4)

.fini_array     0x000000000800da54        0x4
                0x000000000800da54                . = ALIGN (0x4)
                [!provide]                        PROVIDE (__fini_array_start = .)
 *(SORT_BY_NAME(.fini_array.*))
 *(.fini_array*)
 .fini_array    0x000000000800da54        0x4 d:/app/stm32cubeide_1.10.1/stm32cubeide/plugins/com.st.stm32cube.ide.mcu.externaltools.gnu-tools-for-stm32.10.3-2021.10.win32_1.0.0.202111181127/tools/bin/../lib/gcc/arm-none-eabi/10.3.1/thumb/v7-m/nofp/crtbegin.o
                [!provide]                        PROVIDE (__fini_array_end = .)
                0x000000000800da58                . = ALIGN (0x4)
                0x000000000800da58                _sidata = LOADADDR (.data)

.data           0x0000000020000000       0x88 load address 0x000000000800da58
                0x0000000020000000                . = ALIGN (0x4)
                0x0000000020000000                _sdata = .
 *(.data)
 *(.data*)
 .data.JY62_RESET_Z_ANGLE
                0x0000000020000000        0x3 ./Core/Src/huansic_jy62lib.o
                0x0000000020000000                JY62_RESET_Z_ANGLE
 *fill*         0x0000000020000003        0x1 
 .data.JY62_BAUD_115200
                0x0000000020000004        0x3 ./Core/Src/huansic_jy62lib.o
                0x0000000020000004                JY62_BAUD_115200
 *fill*         0x0000000020000007        0x1 
 .data.zigbeeSend
                0x0000000020000008        0x6 ./Core/Src/huansic_xblib.o
                0x0000000020000008                zigbeeSend
 *fill*         0x000000002000000e        0x2 
 .data.Font_6x8
                0x0000000020000010        0x8 ./Core/Src/ssd1306_fonts.o
                0x0000000020000010                Font_6x8
 .data.SystemCoreClock
                0x0000000020000018        0x4 ./Core/Src/system_stm32f1xx.o
                0x0000000020000018                SystemCoreClock
 .data.uwTickPrio
                0x000000002000001c        0x4 ./Drivers/STM32F1xx_HAL_Driver/Src/stm32f1xx_hal.o
                0x000000002000001c                uwTickPrio
 .data.uwTickFreq
                0x0000000020000020        0x1 ./Drivers/STM32F1xx_HAL_Driver/Src/stm32f1xx_hal.o
                0x0000000020000020                uwTickFreq
 *fill*         0x0000000020000021        0x3 
 .data._impure_ptr
                0x0000000020000024        0x4 d:/app/stm32cubeide_1.10.1/stm32cubeide/plugins/com.st.stm32cube.ide.mcu.externaltools.gnu-tools-for-stm32.10.3-2021.10.win32_1.0.0.202111181127/tools/bin/../lib/gcc/arm-none-eabi/10.3.1/../../../../arm-none-eabi/lib/thumb/v7-m/nofp\libc_nano.a(lib_a-impure.o)
                0x0000000020000024                _impure_ptr
 .data.impure_data
                0x0000000020000028       0x60 d:/app/stm32cubeide_1.10.1/stm32cubeide/plugins/com.st.stm32cube.ide.mcu.externaltools.gnu-tools-for-stm32.10.3-2021.10.win32_1.0.0.202111181127/tools/bin/../lib/gcc/arm-none-eabi/10.3.1/../../../../arm-none-eabi/lib/thumb/v7-m/nofp\libc_nano.a(lib_a-impure.o)
 *(.RamFunc)
 *(.RamFunc*)
                0x0000000020000088                . = ALIGN (0x4)
                0x0000000020000088                _edata = .

.igot.plt       0x0000000020000088        0x0 load address 0x000000000800dae0
 .igot.plt      0x0000000020000088        0x0 d:/app/stm32cubeide_1.10.1/stm32cubeide/plugins/com.st.stm32cube.ide.mcu.externaltools.gnu-tools-for-stm32.10.3-2021.10.win32_1.0.0.202111181127/tools/bin/../lib/gcc/arm-none-eabi/10.3.1/thumb/v7-m/nofp/crtbegin.o
                0x0000000020000088                . = ALIGN (0x4)

.bss            0x0000000020000088     0x1410 load address 0x000000000800dae0
                0x0000000020000088                _sbss = .
                0x0000000020000088                __bss_start__ = _sbss
 *(.bss)
 .bss           0x0000000020000088       0x1c d:/app/stm32cubeide_1.10.1/stm32cubeide/plugins/com.st.stm32cube.ide.mcu.externaltools.gnu-tools-for-stm32.10.3-2021.10.win32_1.0.0.202111181127/tools/bin/../lib/gcc/arm-none-eabi/10.3.1/thumb/v7-m/nofp/crtbegin.o
 *(.bss*)
 .bss.orderBuffers
                0x00000000200000a4      0x960 ./Core/Src/huansic_malloc.o
                0x00000000200000a4                orderBuffers
 .bss.hi2c1     0x0000000020000a04       0x54 ./Core/Src/main.o
                0x0000000020000a04                hi2c1
 .bss.htim1     0x0000000020000a58       0x48 ./Core/Src/main.o
                0x0000000020000a58                htim1
 .bss.htim2     0x0000000020000aa0       0x48 ./Core/Src/main.o
                0x0000000020000aa0                htim2
 .bss.htim3     0x0000000020000ae8       0x48 ./Core/Src/main.o
                0x0000000020000ae8                htim3
 .bss.htim4     0x0000000020000b30       0x48 ./Core/Src/main.o
                0x0000000020000b30                htim4
 .bss.htim5     0x0000000020000b78       0x48 ./Core/Src/main.o
                0x0000000020000b78                htim5
 .bss.htim6     0x0000000020000bc0       0x48 ./Core/Src/main.o
                0x0000000020000bc0                htim6
 .bss.htim7     0x0000000020000c08       0x48 ./Core/Src/main.o
                0x0000000020000c08                htim7
 .bss.htim8     0x0000000020000c50       0x48 ./Core/Src/main.o
                0x0000000020000c50                htim8
 .bss.huart2    0x0000000020000c98       0x44 ./Core/Src/main.o
                0x0000000020000c98                huart2
 .bss.huart3    0x0000000020000cdc       0x44 ./Core/Src/main.o
                0x0000000020000cdc                huart3
 .bss.hdma_usart2_rx
                0x0000000020000d20       0x44 ./Core/Src/main.o
                0x0000000020000d20                hdma_usart2_rx
 .bss.hdma_usart3_rx
                0x0000000020000d64       0x44 ./Core/Src/main.o
                0x0000000020000d64                hdma_usart3_rx
 .bss.cmotor_lf
                0x0000000020000da8       0x3c ./Core/Src/main.o
                0x0000000020000da8                cmotor_lf
 .bss.cmotor_rf
                0x0000000020000de4       0x3c ./Core/Src/main.o
                0x0000000020000de4                cmotor_rf
 .bss.cmotor_lb
                0x0000000020000e20       0x3c ./Core/Src/main.o
                0x0000000020000e20                cmotor_lb
 .bss.cmotor_rb
                0x0000000020000e5c       0x3c ./Core/Src/main.o
                0x0000000020000e5c                cmotor_rb
 .bss.himu      0x0000000020000e98       0x58 ./Core/Src/main.o
                0x0000000020000e98                himu
 .bss.hxb       0x0000000020000ef0       0xdc ./Core/Src/main.o
                0x0000000020000ef0                hxb
 .bss.gameStage
                0x0000000020000fcc        0x1 ./Core/Src/main.o