../Core/Src/main.c:156:5:main	24	static
../Core/Src/main.c:423:6:SystemClock_Config	72	static
../Core/Src/main.c:463:13:MX_I2C1_Init	8	static
../Core/Src/main.c:497:13:MX_TIM1_Init	96	static
../Core/Src/main.c:584:13:MX_TIM2_Init	56	static
../Core/Src/main.c:633:13:MX_TIM3_Init	56	static
../Core/Src/main.c:682:13:MX_TIM4_Init	56	static
../Core/Src/main.c:731:13:MX_TIM5_Init	56	static
../Core/Src/main.c:780:13:MX_TIM6_Init	16	static
../Core/Src/main.c:818:13:MX_TIM7_Init	16	static
../Core/Src/main.c:856:13:MX_TIM8_Init	96	static
../Core/Src/main.c:943:13:MX_USART2_UART_Init	8	static
../Core/Src/main.c:976:13:MX_USART3_UART_Init	8	static
../Core/Src/main.c:1007:13:MX_DMA_Init	16	static
../Core/Src/main.c:1028:13:MX_GPIO_Init	40	static
../Core/Src/main.c:1052:13:HUAN_MOTOR1_Init	8	static
../Core/Src/main.c:1068:13:HUAN_MOTOR2_Init	8	static
../Core/Src/main.c:1082:13:HUAN_MOTOR3_Init	8	static
../Core/Src/main.c:1098:13:HUAN_MOTOR4_Init	8	static
../Core/Src/main.c:1112:13:HUAN_IMU_Init	8	static
../Core/Src/main.c:1118:13:HUAN_ZIGBEE_Init	8	static
../Core/Src/main.c:1124:6:HAL_UART_RxCpltCallback	16	static
../Core/Src/main.c:1146:6:HAL_UART_ErrorCallback	24	static
../Core/Src/main.c:1179:6:HUAN_PeriodicInt1000ms_ISR	8	static
../Core/Src/main.c:1208:6:Error_Handler	4	static,ignoring_inline_asm
