../Core/Src/ssd1306.c:8:6:ssd1306_Reset	4	static
../Core/Src/ssd1306.c:13:6:ssd1306_WriteCommand	32	static
../Core/Src/ssd1306.c:18:6:ssd1306_WriteData	32	static
../Core/Src/ssd1306.c:63:17:ssd1306_FillBuffer	24	static
../Core/Src/ssd1306.c:73:6:ssd1306_Init	8	static
../Core/Src/ssd1306.c:175:6:ssd1306_Fill	24	static
../Core/Src/ssd1306.c:185:6:ssd1306_UpdateScreen	16	static
../Core/Src/ssd1306.c:204:6:ssd1306_DrawPixel	16	static
../Core/Src/ssd1306.c:222:6:ssd1306_WriteChar	48	static
../Core/Src/ssd1306.c:257:6:ssd1306_WriteString	24	static
../Core/Src/ssd1306.c:274:6:ssd1306_SetCursor	16	static
../Core/Src/ssd1306.c:280:6:ssd1306_Line	48	static
../Core/Src/ssd1306.c:316:6:ssd1306_Polyline	40	static
../Core/Src/ssd1306.c:330:14:ssd1306_DegToRad	16	static
../Core/Src/ssd1306.c:334:17:ssd1306_NormalizeTo0_360	24	static
../Core/Src/ssd1306.c:351:6:ssd1306_DrawArc	56	static
../Core/Src/ssd1306.c:389:6:ssd1306_DrawCircle	40	static
../Core/Src/ssd1306.c:434:6:ssd1306_DrawRectangle	32	static
../Core/Src/ssd1306.c:445:6:ssd1306_DrawBitmap	24	static
../Core/Src/ssd1306.c:467:6:ssd1306_SetContrast	24	static
../Core/Src/ssd1306.c:473:6:ssd1306_SetDisplayOn	24	static
../Core/Src/ssd1306.c:485:9:ssd1306_GetDisplayOn	4	static
