../Core/Src/stm32f1xx_it.c:75:6:NMI_Handler	8	static
../Core/Src/stm32f1xx_it.c:91:6:HardFault_Handler	8	static
../Core/Src/stm32f1xx_it.c:107:6:MemManage_Handler	8	static
../Core/Src/stm32f1xx_it.c:123:6:BusFault_Handler	8	static
../Core/Src/stm32f1xx_it.c:139:6:UsageFault_Handler	8	static
../Core/Src/stm32f1xx_it.c:155:6:SVC_Handler	4	static
../Core/Src/stm32f1xx_it.c:168:6:DebugMon_Handler	4	static
../Core/Src/stm32f1xx_it.c:181:6:PendSV_Handler	4	static
../Core/Src/stm32f1xx_it.c:194:6:SysTick_Handler	8	static
../Core/Src/stm32f1xx_it.c:215:6:DMA1_Channel3_IRQHandler	8	static
../Core/Src/stm32f1xx_it.c:228:6:DMA1_Channel6_IRQHandler	8	static
../Core/Src/stm32f1xx_it.c:242:6:USART2_IRQHandler	8	static
../Core/Src/stm32f1xx_it.c:256:6:USART3_IRQHandler	8	static
../Core/Src/stm32f1xx_it.c:270:6:TIM6_IRQHandler	8	static
../Core/Src/stm32f1xx_it.c:287:6:TIM7_IRQHandler	8	static
